11-14 05:09:06.699   726   797 W IPCThreadState: Sending oneway calls to frozen process.
11-14 05:09:06.699   726   797 W IPCThreadState: Sending oneway calls to frozen process.
11-14 05:09:06.700   726   797 W IPCThreadState: Sending oneway calls to frozen process.
11-14 05:09:06.700   726   797 W IPCThreadState: Sending oneway calls to frozen process.
11-14 05:09:06.700   726   797 W IPCThreadState: Sending oneway calls to frozen process.
11-14 05:09:06.701   726   797 W IPCThreadState: Sending oneway calls to frozen process.
11-14 05:09:06.702   726   797 W IPCThreadState: Sending oneway calls to frozen process.
11-14 05:09:06.741   726  1271 D ShortcutService: received package broadcast intent: Intent { act=android.intent.action.PACKAGE_REMOVED dat=package: flg=0x4000010 (has extras) }
11-14 05:09:06.753   726  1231 E AppOps  : attributionTag VCN not declared in manifest of android
11-14 05:09:06.765   726   760 I system_server: AssetManager2(0x7a4da801c318) locale list changing from [] to [en-US]
11-14 05:09:06.769   726   726 D ActivityManager: sync unfroze 6847 com.android.keychain for 10
11-14 05:09:06.775   726   726 D ActivityManager: sync unfroze 3727 com.android.settings for 10
11-14 05:09:06.778   726   726 D ActivityManager: sync unfroze 4158 com.android.dynsystem:dynsystem for 10
11-14 05:09:06.779   726   726 D ActivityManager: sync unfroze 4138 com.android.dynsystem for 10
11-14 05:09:06.804  1328  1328 D ControlsListingControllerImpl: ServiceConfig reloaded, count: 0
11-14 05:09:06.829   726  1274 D BackgroundInstallControlService: Package event received: 0
11-14 05:09:06.846  1516  1516 E SmsApplication: com.google.android.apps.messaging lost android:read_cell_broadcasts:  (fixing)
11-14 05:09:06.849   726  2089 W AppOpService: Ignored setUidMode call for runtime permission app op: uid = 10144, code = READ_CELL_BROADCASTS, mode = allow, callingUid = 1001, oldMode = allow
11-14 05:09:06.870   726   726 I Telecom : CarModeTracker: Package com.example.kursach_2 is not tracked.: SSH.oR@Agc
11-14 05:09:06.873   726   726 I Telecom : InCallController: updateCarModeForConnections: car mode apps: : SSH.oR@Agc
11-14 05:09:06.875   726   726 I Telecom : InCallController: update carmode current:UserHandle{0} parent:null: SSH.oR@Agc
11-14 05:09:06.878   726   946 W PackageConfigPersister: App-specific configuration not found for packageName: com.example.kursach_2 and userId: 0
11-14 05:09:06.887   726   893 W AppOpService: Ignored setUidMode call for runtime permission app op: uid = 1001, code = READ_SMS, mode = allow, callingUid = 1001, oldMode = allow
11-14 05:09:06.889   726  2090 W AppOpService: Ignored setUidMode call for runtime permission app op: uid = 1001, code = RECEIVE_SMS, mode = allow, callingUid = 1001, oldMode = allow
11-14 05:09:06.891   726   893 W AppOpService: Ignored setUidMode call for runtime permission app op: uid = 1001, code = RECEIVE_WAP_PUSH, mode = allow, callingUid = 1001, oldMode = allow
11-14 05:09:06.892   726  2089 W AppOpService: Ignored setUidMode call for runtime permission app op: uid = 1001, code = SEND_SMS, mode = allow, callingUid = 1001, oldMode = allow
11-14 05:09:06.893   726   893 W AppOpService: Ignored setUidMode call for runtime permission app op: uid = 1001, code = READ_CELL_BROADCASTS, mode = allow, callingUid = 1001, oldMode = allow
11-14 05:09:06.899   726   760 I system_server: AssetManager2(0x7a4da7fcea78) locale list changing from [] to [en-US]
11-14 05:09:06.925   726  1271 D ShortcutService: received package broadcast intent: Intent { act=android.intent.action.PACKAGE_ADDED dat=package: flg=0x4000010 (has extras) }
11-14 05:09:06.929  1516  1516 D CarrierSvcBindHelper: onPackageUpdateFinished: com.example.kursach_2
11-14 05:09:06.932   726  1271 D ShortcutService: replacing package: com.example.kursach_2 userId=0
11-14 05:09:06.944  1516  1516 D CarrierSvcBindHelper: No carrier app for: 0
11-14 05:09:06.945  1516  1516 D CarrierSvcBindHelper: onPackageModified: com.example.kursach_2
11-14 05:09:06.945  1516  1516 D CarrierSvcBindHelper: No carrier app for: 0
11-14 05:09:06.954  1516  1818 I SatelliteAppTracker: onPackageUpdateFinished : com.example.kursach_2
11-14 05:09:06.955  1516  1818 I SatelliteAppTracker: onPackageModified : com.example.kursach_2
11-14 05:09:06.958   726  1282 I SdkSandboxManager: No SDKs used. Skipping SDK data reconcilation for CallingInfo{mUid=10216, mPackageName='com.example.kursach_2, mAppProcessToken='null'}
11-14 05:09:06.965  1516  1516 E SmsApplication: com.google.android.apps.messaging lost android:read_cell_broadcasts:  (fixing)
11-14 05:09:06.966   726  2089 W AppOpService: Ignored setUidMode call for runtime permission app op: uid = 10144, code = READ_CELL_BROADCASTS, mode = allow, callingUid = 1001, oldMode = allow
11-14 05:09:06.981  1328  1328 D ControlsListingControllerImpl: ServiceConfig reloaded, count: 0
11-14 05:09:06.992   726  1274 D BackgroundInstallControlService: Package event received: 0
11-14 05:09:07.007   726  2441 W AppOpService: Ignored setUidMode call for runtime permission app op: uid = 1001, code = READ_SMS, mode = allow, callingUid = 1001, oldMode = allow
11-14 05:09:07.016   726  3029 W AppOpService: Ignored setUidMode call for runtime permission app op: uid = 1001, code = RECEIVE_SMS, mode = allow, callingUid = 1001, oldMode = allow
11-14 05:09:07.018   726   922 I RoleService: Granting default roles...
11-14 05:09:07.026   726   726 D AppSearchAppsIndexerManagerS: userid in package receiver: 10216
11-14 05:09:07.034   726   893 W AppOpService: Ignored setUidMode call for runtime permission app op: uid = 1001, code = RECEIVE_WAP_PUSH, mode = allow, callingUid = 1001, oldMode = allow
11-14 05:09:07.047   726  2456 W AppOpService: Ignored setUidMode call for runtime permission app op: uid = 1001, code = SEND_SMS, mode = allow, callingUid = 1001, oldMode = allow
11-14 05:09:07.052   726  2456 W AppOpService: Ignored setUidMode call for runtime permission app op: uid = 1001, code = READ_CELL_BROADCASTS, mode = allow, callingUid = 1001, oldMode = allow
11-14 05:09:07.060   726   726 D BackupManagerConstants: getFullBackupIntervalMilliseconds(...) returns 86400000
11-14 05:09:07.060   726   726 D BackupManagerConstants: getFullBackupRequiredNetworkType(...) returns 2
11-14 05:09:07.062  9301  9301 I Finsky  : [2] Memory trim requested to level 40
11-14 05:09:07.067   726   771 D ActivityManager: sync unfroze 9301 com.android.vending for 3
11-14 05:09:07.072   726   726 D BackupManagerConstants: getFullBackupRequireCharging(...) returns true
11-14 05:09:07.078  9301  9301 I Finsky  : [2] Flushing in-memory image cache
11-14 05:09:07.097   726   771 D ActivityManager: sync unfroze 7974 com.android.vending:background for 3
11-14 05:09:07.107  7974  7974 I Finsky:background: [2] Memory trim requested to level 40
11-14 05:09:07.116   726   940 I system_server: AssetManager2(0x7a4da801dc18) locale list changing from [] to [en-US]
11-14 05:09:07.121   726   771 D ActivityManager: sync unfroze 1330 com.google.android.permissioncontroller for 3
11-14 05:09:07.123  9301  9301 I Finsky  : [2] Memory trim requested to level 40
11-14 05:09:07.123  9301  9301 I Finsky  : [2] Flushing in-memory image cache
11-14 05:09:07.123  9301  9301 I Finsky  : [2] Memory trim requested to level 40
11-14 05:09:07.123  9301  9301 I Finsky  : [2] Flushing in-memory image cache
11-14 05:09:07.123  7974  7974 I Finsky:background: [2] Memory trim requested to level 40
11-14 05:09:07.124  7974  7974 I Finsky:background: [2] Memory trim requested to level 40
11-14 05:09:07.124  7974  7974 I Finsky:background: [2] Memory trim requested to level 40
11-14 05:09:07.137   726  1462 W SignedPackage: Package doesn't have required signing certificate: com.google.android.retaildemo
11-14 05:09:07.150  9301  9301 I Finsky  : [2] aglq - Received: android.intent.action.PACKAGE_REMOVED, [uGJLZ77CEvbJWHNOd-CL3KpKlb7JGyJCTtm65f08i4A]
11-14 05:09:07.171   726  1462 E RoleControllerServiceImpl: Default/fallback role holder package doesn't qualify for the role, package: com.google.android.gms.supervision, role: android.app.role.SYSTEM_SUPERVISION
11-14 05:09:07.177  7974  7974 I Finsky:background: [2] aglg - Received: android.intent.action.PACKAGE_REMOVED, [uGJLZ77CEvbJWHNOd-CL3KpKlb7JGyJCTtm65f08i4A]
11-14 05:09:07.180  1516  1516 E SmsApplication: com.google.android.apps.messaging lost android:read_cell_broadcasts:  (fixing)
11-14 05:09:07.183   726  2456 W AppOpService: Ignored setUidMode call for runtime permission app op: uid = 10144, code = READ_CELL_BROADCASTS, mode = allow, callingUid = 1001, oldMode = allow
11-14 05:09:07.191  1624  1666 D PackageUpdatedTask: Package updated: mOp=UPDATE packages=[com.example.kursach_2], user=UserHandle{0}
11-14 05:09:07.199  1624  1624 D ActivityThread: Package [com.example.kursach_2] reported as REPLACED, but missing application info. Assuming REMOVED.
11-14 05:09:07.209  1330  1330 I SafetyLabelChangedBroadcastReceiver: received broadcast packageName: com.example.kursach_2, current user: UserHandle{0}, packageChangeEvent: UPDATE, intent user: UserHandle{0}
11-14 05:09:07.216  2134 12157 I AiAiEcho: AppIndexer Package:[com.example.kursach_2] UserProfile:[0] Enabled:[true].
11-14 05:09:07.216  2134 12157 I AiAiEcho: AppFetcherImplV2 updateApps package:[com.example.kursach_2], userId:[0], reason:[package is updated.].
11-14 05:09:07.216  9871  9871 D ActivityThread: Package [com.example.kursach_2] reported as REPLACED, but missing application info. Assuming REMOVED.
11-14 05:09:07.226  1330  1330 D ActivityThread: Package [com.example.kursach_2] reported as REPLACED, but missing application info. Assuming REMOVED.
11-14 05:09:07.235   726   797 W IPCThreadState: Sending oneway calls to frozen process.
11-14 05:09:07.235   726   797 W IPCThreadState: Sending oneway calls to frozen process.
11-14 05:09:07.235   726   797 W IPCThreadState: Sending oneway calls to frozen process.
11-14 05:09:07.235  5216  5216 D ActivityThread: Package [com.example.kursach_2] reported as REPLACED, but missing application info. Assuming REMOVED.
11-14 05:09:07.239  9042  9042 D ActivityThread: Package [com.example.kursach_2] reported as REPLACED, but missing application info. Assuming REMOVED.
11-14 05:09:07.241  6847  6847 D ActivityThread: Package [com.example.kursach_2] reported as REPLACED, but missing application info. Assuming REMOVED.
11-14 05:09:07.250   726   797 W IPCThreadState: Sending oneway calls to frozen process.
11-14 05:09:07.250   726   797 W IPCThreadState: Sending oneway calls to frozen process.
11-14 05:09:07.250   726   797 W IPCThreadState: Sending oneway calls to frozen process.
11-14 05:09:07.250   726   797 W IPCThreadState: Sending oneway calls to frozen process.
11-14 05:09:07.250   726   797 W IPCThreadState: Sending oneway calls to frozen process.
11-14 05:09:07.252  9250  9250 D ActivityThread: Package [com.example.kursach_2] reported as REPLACED, but missing application info. Assuming REMOVED.
11-14 05:09:07.253  2018  2018 D ActivityThread: Package [com.example.kursach_2] reported as REPLACED, but missing application info. Assuming REMOVED.
11-14 05:09:07.263   726   797 W IPCThreadState: Sending oneway calls to frozen process.
11-14 05:09:07.263   726   797 W IPCThreadState: Sending oneway calls to frozen process.
11-14 05:09:07.263   726   797 W IPCThreadState: Sending oneway calls to frozen process.
11-14 05:09:07.268  1981  1981 D ActivityThread: Package [com.example.kursach_2] reported as REPLACED, but missing application info. Assuming REMOVED.
11-14 05:09:07.272  3727  3727 D ActivityThread: Package [com.example.kursach_2] reported as REPLACED, but missing application info. Assuming REMOVED.
11-14 05:09:07.273  9301  9301 W Finsky  : [2] PSR: Package name com.example.kursach_2 is recognized as shared library, but is not found as installed shared library.
11-14 05:09:07.273   726   797 W IPCThreadState: Sending oneway calls to frozen process.
11-14 05:09:07.273   726   797 W IPCThreadState: Sending oneway calls to frozen process.
11-14 05:09:07.273   726   797 W IPCThreadState: Sending oneway calls to frozen process.
11-14 05:09:07.273   726   797 W IPCThreadState: Sending oneway calls to frozen process.
11-14 05:09:07.274   726   797 W IPCThreadState: Sending oneway calls to frozen process.
11-14 05:09:07.274   726   797 W IPCThreadState: Sending oneway calls to frozen process.
11-14 05:09:07.276   726   726 W Looper  : Slow dispatch took 239ms main app=system_server main=true group=FOREGROUND h=android.app.ActivityThread$H c=android.app.LoadedApk$ReceiverDispatcher$Args$$ExternalSyntheticLambda0@b841530 m=0
11-14 05:09:07.285   726   726 W Looper  : Slow delivery took 270ms main app=system_server main=true group=FOREGROUND h=com.android.server.alarm.AlarmManagerService$AlarmHandler c=null m=11
11-14 05:09:07.299  4925  4925 D ActivityThread: Package [com.example.kursach_2] reported as REPLACED, but missing application info. Assuming REMOVED.
11-14 05:09:07.299  2134  2134 D ActivityThread: Package [com.example.kursach_2] reported as REPLACED, but missing application info. Assuming REMOVED.
11-14 05:09:07.310  7974  7974 W Finsky:background: [2] PSR: Package name com.example.kursach_2 is recognized as shared library, but is not found as installed shared library.
11-14 05:09:07.325   726  1462 W SignedPackage: Package doesn't have required signing certificate: com.google.android.apps.work.clouddpc
11-14 05:09:07.328   726   797 W IPCThreadState: Sending oneway calls to frozen process.
11-14 05:09:07.328   726   797 W IPCThreadState: Sending oneway calls to frozen process.
11-14 05:09:07.328   726   797 W IPCThreadState: Sending oneway calls to frozen process.
11-14 05:09:07.328   726   797 W IPCThreadState: Sending oneway calls to frozen process.
11-14 05:09:07.329   726   797 W IPCThreadState: Sending oneway calls to frozen process.
11-14 05:09:07.329   726   797 W IPCThreadState: Sending oneway calls to frozen process.
11-14 05:09:07.329   726   797 W IPCThreadState: Sending oneway calls to frozen process.
11-14 05:09:07.329   726   797 W IPCThreadState: Sending oneway calls to frozen process.
11-14 05:09:07.329   726   797 W IPCThreadState: Sending oneway calls to frozen process.
11-14 05:09:07.337   726   797 W IPCThreadState: Sending oneway calls to frozen process.
11-14 05:09:07.337   726   797 W IPCThreadState: Sending oneway calls to frozen process.
11-14 05:09:07.338   726   797 W IPCThreadState: Sending oneway calls to frozen process.
11-14 05:09:07.338   726   797 W IPCThreadState: Sending oneway calls to frozen process.
11-14 05:09:07.338   726   797 W IPCThreadState: Sending oneway calls to frozen process.
11-14 05:09:07.338   726   797 W IPCThreadState: Sending oneway calls to frozen process.
11-14 05:09:07.338   726   797 W IPCThreadState: Sending oneway calls to frozen process.
11-14 05:09:07.339   726   797 W IPCThreadState: Sending oneway calls to frozen process.
11-14 05:09:07.339   726   797 W IPCThreadState: Sending oneway calls to frozen process.
11-14 05:09:07.339   726   797 W IPCThreadState: Sending oneway calls to frozen process.
11-14 05:09:07.339   726   797 W IPCThreadState: Sending oneway calls to frozen process.
11-14 05:09:07.347  4158  4158 D ActivityThread: Package [com.example.kursach_2] reported as REPLACED, but missing application info. Assuming REMOVED.
11-14 05:09:07.347  4138  4138 D ActivityThread: Package [com.example.kursach_2] reported as REPLACED, but missing application info. Assuming REMOVED.
11-14 05:09:07.349   726   797 W IPCThreadState: Sending oneway calls to frozen process.
11-14 05:09:07.349   726   797 W IPCThreadState: Sending oneway calls to frozen process.
11-14 05:09:07.349   726   797 W IPCThreadState: Sending oneway calls to frozen process.
11-14 05:09:07.349   726   797 W IPCThreadState: Sending oneway calls to frozen process.
11-14 05:09:07.350   726   797 W IPCThreadState: Sending oneway calls to frozen process.
11-14 05:09:07.350   726   797 W IPCThreadState: Sending oneway calls to frozen process.
11-14 05:09:07.352  1328  1328 D ActivityThread: Package [com.example.kursach_2] reported as REPLACED, but missing application info. Assuming REMOVED.
11-14 05:09:07.354   726  2089 W AppOpService: Ignored setUidMode call for runtime permission app op: uid = 1001, code = READ_SMS, mode = allow, callingUid = 1001, oldMode = allow
11-14 05:09:07.355  2059  2059 D ActivityThread: Package [com.example.kursach_2] reported as REPLACED, but missing application info. Assuming REMOVED.
11-14 05:09:07.355  1624  1666 I s.nexuslauncher: AssetManager2(0x7a4da7f7b738) locale list changing from [] to [en-US]
11-14 05:09:07.357  1504  1504 D ActivityThread: Package [com.example.kursach_2] reported as REPLACED, but missing application info. Assuming REMOVED.
11-14 05:09:07.360  1624  1666 W HWUI    : Image decoding logging dropped!
11-14 05:09:07.366  1446  1446 D ActivityThread: Package [com.example.kursach_2] reported as REPLACED, but missing application info. Assuming REMOVED.
11-14 05:09:07.368  1624  1624 D ActivityThread: Package [com.example.kursach_2] reported as REPLACED, but missing application info. Assuming REMOVED.
11-14 05:09:07.369   726   797 W IPCThreadState: Sending oneway calls to frozen process.
11-14 05:09:07.369   726   797 W IPCThreadState: Sending oneway calls to frozen process.
11-14 05:09:07.369   726   797 W IPCThreadState: Sending oneway calls to frozen process.
11-14 05:09:07.369   726   797 W IPCThreadState: Sending oneway calls to frozen process.
11-14 05:09:07.370  9871  9871 D ActivityThread: Package [com.example.kursach_2] reported as REPLACED, but missing application info. Assuming REMOVED.
11-14 05:09:07.371   726   797 W IPCThreadState: Sending oneway calls to frozen process.
11-14 05:09:07.371   726   797 W IPCThreadState: Sending oneway calls to frozen process.
11-14 05:09:07.371  1981  1981 D ActivityThread: Package [com.example.kursach_2] reported as REPLACED, but missing application info. Assuming REMOVED.
11-14 05:09:07.371   726   797 W IPCThreadState: Sending oneway calls to frozen process.
11-14 05:09:07.371   726   797 W IPCThreadState: Sending oneway calls to frozen process.
11-14 05:09:07.371   726   797 W IPCThreadState: Sending oneway calls to frozen process.
11-14 05:09:07.372  9250  9250 D ActivityThread: Package [com.example.kursach_2] reported as REPLACED, but missing application info. Assuming REMOVED.
11-14 05:09:07.373  6847  6847 D ActivityThread: Package [com.example.kursach_2] reported as REPLACED, but missing application info. Assuming REMOVED.
11-14 05:09:07.373   726   797 W IPCThreadState: Sending oneway calls to frozen process.
11-14 05:09:07.373   726   797 W IPCThreadState: Sending oneway calls to frozen process.
11-14 05:09:07.374   726   797 W IPCThreadState: Sending oneway calls to frozen process.
11-14 05:09:07.374   726   797 W IPCThreadState: Sending oneway calls to frozen process.
11-14 05:09:07.374   726   797 W IPCThreadState: Sending oneway calls to frozen process.
11-14 05:09:07.374   726   797 W IPCThreadState: Sending oneway calls to frozen process.
11-14 05:09:07.374   726   797 W IPCThreadState: Sending oneway calls to frozen process.
11-14 05:09:07.374  3727  3727 D ActivityThread: Package [com.example.kursach_2] reported as REPLACED, but missing application info. Assuming REMOVED.
11-14 05:09:07.375   726   797 W IPCThreadState: Sending oneway calls to frozen process.
11-14 05:09:07.375   726   797 W IPCThreadState: Sending oneway calls to frozen process.
11-14 05:09:07.375   726   797 W IPCThreadState: Sending oneway calls to frozen process.
11-14 05:09:07.375   726   797 W IPCThreadState: Sending oneway calls to frozen process.
11-14 05:09:07.375  5216  5216 D ActivityThread: Package [com.example.kursach_2] reported as REPLACED, but missing application info. Assuming REMOVED.
11-14 05:09:07.377   726   797 W IPCThreadState: Sending oneway calls to frozen process.
11-14 05:09:07.377   726   797 W IPCThreadState: Sending oneway calls to frozen process.
11-14 05:09:07.377   726   797 W IPCThreadState: Sending oneway calls to frozen process.
11-14 05:09:07.377   726   797 W IPCThreadState: Sending oneway calls to frozen process.
11-14 05:09:07.377   726   797 W IPCThreadState: Sending oneway calls to frozen process.
11-14 05:09:07.377   726   797 W IPCThreadState: Sending oneway calls to frozen process.
11-14 05:09:07.377   726   797 W IPCThreadState: Sending oneway calls to frozen process.
11-14 05:09:07.377   726   797 W IPCThreadState: Sending oneway calls to frozen process.
11-14 05:09:07.377   726   797 W IPCThreadState: Sending oneway calls to frozen process.
11-14 05:09:07.378   726   797 W IPCThreadState: Sending oneway calls to frozen process.
11-14 05:09:07.378   726   797 W IPCThreadState: Sending oneway calls to frozen process.
11-14 05:09:07.378   726   797 W IPCThreadState: Sending oneway calls to frozen process.
11-14 05:09:07.378   726   797 W IPCThreadState: Sending oneway calls to frozen process.
11-14 05:09:07.378   726   797 W IPCThreadState: Sending oneway calls to frozen process.
11-14 05:09:07.378   726   797 W IPCThreadState: Sending oneway calls to frozen process.
11-14 05:09:07.378   726   797 W IPCThreadState: Sending oneway calls to frozen process.
11-14 05:09:07.378   726   797 W IPCThreadState: Sending oneway calls to frozen process.
11-14 05:09:07.379   726   797 W IPCThreadState: Sending oneway calls to frozen process.
11-14 05:09:07.379  4158  4158 D ActivityThread: Package [com.example.kursach_2] reported as REPLACED, but missing application info. Assuming REMOVED.
11-14 05:09:07.379   726   797 W IPCThreadState: Sending oneway calls to frozen process.
11-14 05:09:07.380   726   797 W IPCThreadState: Sending oneway calls to frozen process.
11-14 05:09:07.380   726   797 W IPCThreadState: Sending oneway calls to frozen process.
11-14 05:09:07.380   726   797 W IPCThreadState: Sending oneway calls to frozen process.
11-14 05:09:07.380   726   797 W IPCThreadState: Sending oneway calls to frozen process.
11-14 05:09:07.381  2059  2059 D ActivityThread: Package [com.example.kursach_2] reported as REPLACED, but missing application info. Assuming REMOVED.
11-14 05:09:07.382  1328  1328 D ActivityThread: Package [com.example.kursach_2] reported as REPLACED, but missing application info. Assuming REMOVED.
11-14 05:09:07.386  4138  4138 D ActivityThread: Package [com.example.kursach_2] reported as REPLACED, but missing application info. Assuming REMOVED.
11-14 05:09:07.386  1446  1446 D ActivityThread: Package [com.example.kursach_2] reported as REPLACED, but missing application info. Assuming REMOVED.
11-14 05:09:07.392  9042  9042 D ActivityThread: Package [com.example.kursach_2] reported as REPLACED, but missing application info. Assuming REMOVED.
11-14 05:09:07.398   726  1274 D BackgroundInstallControlService: Package event received: 0
11-14 05:09:07.399   726  1274 D BackgroundInstallControlService: Package event received: 0
11-14 05:09:07.403   726   797 D PackageInstallerSession: Marking session 1907693899 as applied
11-14 05:09:07.406  1330  1330 D ActivityThread: Package [com.example.kursach_2] reported as REPLACED, but missing application info. Assuming REMOVED.
11-14 05:09:07.407  2018  2018 D ActivityThread: Package [com.example.kursach_2] reported as REPLACED, but missing application info. Assuming REMOVED.
11-14 05:09:07.411   726   891 W IPCThreadState: Sending oneway calls to frozen process.
11-14 05:09:07.412   726   891 D InstallDependencyHelper: Session complete for 1907693899
11-14 05:09:07.418   726   726 W binder:726_F: type=1400 audit(0.0:688): avc:  denied  { getopt } for  scontext=u:r:system_server:s0 tcontext=u:r:shell:s0 tclass=unix_stream_socket permissive=0
11-14 05:09:07.425  2134  2134 D ActivityThread: Package [com.example.kursach_2] reported as REPLACED, but missing application info. Assuming REMOVED.
11-14 05:09:07.429   726  1303 W Looper  : Slow dispatch took 374ms android.perm app=system_server main=false group=FOREGROUND h=android.os.Handler c=com.android.internal.infra.ServiceConnector$Impl$$ExternalSyntheticLambda2@b916e06 m=0
11-14 05:09:07.422   726   726 W binder:726_F: type=1400 audit(0.0:689): avc:  denied  { getopt } for  scontext=u:r:system_server:s0 tcontext=u:r:shell:s0 tclass=unix_stream_socket permissive=0
11-14 05:09:07.435  7974 12160 I Finsky:background: [209] Wrote row to frosting DB: 376
11-14 05:09:07.454  4925  4925 D ActivityThread: Package [com.example.kursach_2] reported as REPLACED, but missing application info. Assuming REMOVED.
11-14 05:09:07.454  1504  1504 D ActivityThread: Package [com.example.kursach_2] reported as REPLACED, but missing application info. Assuming REMOVED.
11-14 05:09:07.422   726   726 W binder:726_F: type=1400 audit(0.0:690): avc:  denied  { getopt } for  scontext=u:r:system_server:s0 tcontext=u:r:shell:s0 tclass=unix_stream_socket permissive=0
11-14 05:09:07.465   726  2089 W ProcessStats: Tracking association SourceState{4df2c7c system/1000 ImpFg #14785} whose proc state 5 is better than process ProcessState{e6da6aa com.google.android.permissioncontroller/10192 pkg=com.google.android.permissioncontroller} proc state 14 (1 skipped)
11-14 05:09:07.472  1330  7400 I PermissionControllerServiceImpl: Updating user sensitive for uid 10216
11-14 05:09:07.481   726  1282 I SdkSandboxManager: No SDKs used. Skipping SDK data reconcilation for CallingInfo{mUid=10216, mPackageName='com.example.kursach_2, mAppProcessToken='null'}
11-14 05:09:07.508  7974  7974 I Finsky:background: [2] IQ: onPackageRemoved com.example.kursach_2, replacing=true, uninstallingFromPlay=false
11-14 05:09:07.512  1624  1666 W HWUI    : Image decoding logging dropped!
11-14 05:09:07.513  1624  1666 D AlphabeticIndexCompat: computeSectionName: cs: kursach_2 sectionName: K
11-14 05:09:07.520  1624  1624 D AllAppsStore: setApps: apps.length=21
11-14 05:09:07.522  1624  1624 D AllAppsStore: notifyUpdate: notifying listeners
11-14 05:09:07.522  1624  1624 D ActivityAllAppsContainerView: onAppsUpdated; number of apps: 21
11-14 05:09:07.525  1624  1624 D ActivityAllAppsContainerView: rebindAdapters: force: false
11-14 05:09:07.525  1624  1624 D ActivityAllAppsContainerView: rebindAdapters: Not needed.
11-14 05:09:07.525  1624  1624 D StatsLog: LAUNCHER_ALLAPPS_COUNT
11-14 05:09:07.525  1624  1624 D AlphabeticalAppsList: Clearing FastScrollerSections.
11-14 05:09:07.526  1624  1624 D AlphabeticalAppsList: Adding apps with sections. HasPrivateApps: false
11-14 05:09:07.526  1624  1624 D AlphabeticalAppsList: addAppsWithSections: adding sectionName: C with appInfoTitle: Calendar
11-14 05:09:07.526  1624  1624 D AlphabeticalAppsList: addAppsWithSections: adding sectionName: D with appInfoTitle: Drive
11-14 05:09:07.526  1624  1624 D AlphabeticalAppsList: addAppsWithSections: adding sectionName: F with appInfoTitle: Files
11-14 05:09:07.526  1624  1624 D AlphabeticalAppsList: addAppsWithSections: adding sectionName: G with appInfoTitle: Gmail
11-14 05:09:07.526  1624  1624 D AlphabeticalAppsList: addAppsWithSections: adding sectionName: K with appInfoTitle: kursach_2
11-14 05:09:07.526  1624  1624 D AlphabeticalAppsList: addAppsWithSections: adding sectionName: M with appInfoTitle: Maps
11-14 05:09:07.526  1624  1624 D AlphabeticalAppsList: addAppsWithSections: adding sectionName: P with appInfoTitle: Phone
11-14 05:09:07.526  1624  1624 D AlphabeticalAppsList: addAppsWithSections: adding sectionName: S with appInfoTitle: Safety
11-14 05:09:07.526  1624  1624 D AlphabeticalAppsList: addAppsWithSections: adding sectionName: T with appInfoTitle: TMoble
11-14 05:09:07.526  1624  1624 D AlphabeticalAppsList: addAppsWithSections: adding sectionName: Y with appInfoTitle: YouTube
11-14 05:09:07.526  1624  1624 D AlphabeticalAppsList: Adding FastScrollSection duplicate to scroll to the bottom.
11-14 05:09:07.526  1624  1624 D AlphabeticalAppsList: Clearing FastScrollerSections.
11-14 05:09:07.526  1624  1624 D AlphabeticalAppsList: Adding apps with sections. HasPrivateApps: false
11-14 05:09:07.526  1624  1624 D AlphabeticalAppsList: addAppsWithSections: adding sectionName: C with appInfoTitle: Calendar
11-14 05:09:07.526  1624  1624 D AlphabeticalAppsList: addAppsWithSections: adding sectionName: D with appInfoTitle: Drive
11-14 05:09:07.529  1624  1624 D AlphabeticalAppsList: addAppsWithSections: adding sectionName: F with appInfoTitle: Files
11-14 05:09:07.529  1624  1624 D AlphabeticalAppsList: addAppsWithSections: adding sectionName: G with appInfoTitle: Gmail
11-14 05:09:07.529  1624  1624 D AlphabeticalAppsList: addAppsWithSections: adding sectionName: K with appInfoTitle: kursach_2
11-14 05:09:07.529  1624  1624 D AlphabeticalAppsList: addAppsWithSections: adding sectionName: M with appInfoTitle: Maps
11-14 05:09:07.529  1624  1624 D AlphabeticalAppsList: addAppsWithSections: adding sectionName: P with appInfoTitle: Phone
11-14 05:09:07.529  1624  1624 D AlphabeticalAppsList: addAppsWithSections: adding sectionName: S with appInfoTitle: Safety
11-14 05:09:07.529  1624  1624 D AlphabeticalAppsList: addAppsWithSections: adding sectionName: T with appInfoTitle: TMoble
11-14 05:09:07.529  1624  1624 D AlphabeticalAppsList: addAppsWithSections: adding sectionName: Y with appInfoTitle: YouTube
11-14 05:09:07.529  1624  1624 D AlphabeticalAppsList: Adding FastScrollSection duplicate to scroll to the bottom.
11-14 05:09:07.555  7974 12165 I Finsky:background: [211] IQ: handled package removed
11-14 05:09:07.580  7974 12160 I Finsky:background: [209] Wrote row to frosting DB: 377
11-14 05:09:07.601  1328  1328 D ControlsListingControllerImpl: ServiceConfig reloaded, count: 0
11-14 05:09:07.605  9301  9353 I Finsky  : [88] AIM: AppInfoManager-Perf > OnDeviceAppInfo > cacheHitCount=0, cacheMissCount=1. Missed  in cache (limit 10) : [com.example.kursach_2]
11-14 05:09:07.613  7974  7974 W Finsky:background: [2] PSR: Package name com.example.kursach_2 is recognized as shared library, but is not found as installed shared library.
11-14 05:09:07.625  2018  2018 I faht    : (REDACTED) O received %s
11-14 05:09:07.634   726   943 I system_server: AssetManager2(0x7a4da7f91e98) locale list changing from [] to [en-US]
11-14 05:09:07.636   726   726 W AlarmManager: Package com.example.kursach_2, uid 10216 lost permission to set exact alarms!
11-14 05:09:07.637   726   726 W Looper  : Slow dispatch took 351ms main app=system_server main=true group=FOREGROUND h=com.android.server.alarm.AlarmManagerService$AlarmHandler c=null m=13
11-14 05:09:07.638  7974  7974 I Finsky:background: [2] aglg - Received: android.intent.action.PACKAGE_ADDED, [uGJLZ77CEvbJWHNOd-CL3KpKlb7JGyJCTtm65f08i4A]
11-14 05:09:07.639  1981  1981 W MediaProvider: WorkProfileOwnerApps cache is empty
11-14 05:09:07.661   726   726 D ActivityThread: Package [com.example.kursach_2] reported as REPLACED, but missing application info. Assuming REMOVED.
11-14 05:09:07.669  7974  7974 W Finsky:background: [2] PSR: Package name com.example.kursach_2 is recognized as shared library, but is not found as installed shared library.
11-14 05:09:07.679  9301  9353 I Finsky  : [88] AIM: Got app ownership map. App counts: . Unique apps: 0
11-14 05:09:07.693  9301  9353 E Finsky  : [88] [Counters] attempted to use a non-positive increment for: 4752
11-14 05:09:07.695   726  2456 W AppOpService: Ignored setUidMode call for runtime permission app op: uid = 1001, code = RECEIVE_SMS, mode = allow, callingUid = 1001, oldMode = allow
11-14 05:09:07.696   726  2456 W AppOpService: Ignored setUidMode call for runtime permission app op: uid = 1001, code = RECEIVE_WAP_PUSH, mode = allow, callingUid = 1001, oldMode = allow
11-14 05:09:07.696  7974 12160 I Finsky:background: [209] Wrote row to frosting DB: 378
11-14 05:09:07.696   726   726 D ActivityThread: Package [com.example.kursach_2] reported as REPLACED, but missing application info. Assuming REMOVED.
11-14 05:09:07.698   726  2081 W AppOpService: Ignored setUidMode call for runtime permission app op: uid = 1001, code = SEND_SMS, mode = allow, callingUid = 1001, oldMode = allow
11-14 05:09:07.701  7974  7974 W Finsky:background: [2] PSR: Package name com.example.kursach_2 is recognized as shared library, but is not found as installed shared library.
11-14 05:09:07.703   726  2081 W AppOpService: Ignored setUidMode call for runtime permission app op: uid = 1001, code = READ_CELL_BROADCASTS, mode = allow, callingUid = 1001, oldMode = allow
11-14 05:09:07.718  9301  9353 E Finsky  : [88] [Counters] attempted to use a non-positive increment for: 4753
11-14 05:09:07.738  9301  9301 W Finsky  : [2] PSR: Package name com.example.kursach_2 is recognized as shared library, but is not found as installed shared library.
11-14 05:09:07.750  7974  7974 I Finsky:background: [2] aglg - Received: android.intent.action.PACKAGE_ADDED, [uGJLZ77CEvbJWHNOd-CL3KpKlb7JGyJCTtm65f08i4A]
11-14 05:09:07.754   726  2456 E AppOps  : attributionTag VCN not declared in manifest of android
11-14 05:09:07.777  1516  2135 I m.android.phone: IncrementDisableThreadFlip blocked for 232.196ms
11-14 05:09:07.778  7974 12160 I Finsky:background: [209] Wrote row to frosting DB: 379
11-14 05:09:07.782  7974  7974 W Finsky:background: [2] PSR: Package name com.example.kursach_2 is recognized as shared library, but is not found as installed shared library.
11-14 05:09:07.790  1981  1981 D PickerSyncLockManager: Trying to acquire lock com.android.providers.media.photopicker.sync.CloseableReentrantLock@19f414[Unlocked]. Lock Name = CLOUD_PROVIDER_LOCK. Threads that may be waiting to acquire this lock = []
11-14 05:09:07.790  1981  1981 D CloseableReentrantLock: Successfully acquired lock com.android.providers.media.photopicker.sync.CloseableReentrantLock@19f414[Locked by thread main]. Lock Name = CLOUD_PROVIDER_LOCK. Threads that may be waiting to acquire this lock = []
11-14 05:09:07.790  1981  1981 D CloseableReentrantLock: Successfully released lock com.android.providers.media.photopicker.sync.CloseableReentrantLock@19f414[Unlocked]. Lock Name = CLOUD_PROVIDER_LOCK. Threads that may be waiting to acquire this lock = []
11-14 05:09:07.794  1516  1816 D ImsResolver: maybeAddedImsService, packageName: com.example.kursach_2
11-14 05:09:07.794  1516  1816 V ImsResolver: searchForImsServices: package=com.example.kursach_2, users=[UserHandle{0}]
11-14 05:09:07.806  1516  1816 V ImsResolver: searchForImsServices: package=com.example.kursach_2, users=[UserHandle{0}]
11-14 05:09:07.834  2018  2018 I faht    : (REDACTED) O received %s
11-14 05:09:07.856  9301  9301 I Finsky  : [2] aglq - Received: android.intent.action.PACKAGE_ADDED, [uGJLZ77CEvbJWHNOd-CL3KpKlb7JGyJCTtm65f08i4A]
11-14 05:09:07.859  2018  2018 I faht    : (REDACTED) O received %s
11-14 05:09:07.869  7974  7974 I Finsky:background: [2] aglg - Deduping intent android.intent.action.PACKAGE_ADDED
11-14 05:09:07.876   726   726 W Looper  : Slow dispatch took 179ms main app=system_server main=true group=FOREGROUND h=android.app.ActivityThread$H c=android.app.LoadedApk$ReceiverDispatcher$Args$$ExternalSyntheticLambda0@aef31ee m=0
11-14 05:09:07.885  7974  7974 I Finsky:background: [2] aglg - Received: android.intent.action.PACKAGE_ADDED, [uGJLZ77CEvbJWHNOd-CL3KpKlb7JGyJCTtm65f08i4A]
11-14 05:09:07.889  7974 12160 I Finsky:background: [209] Wrote row to frosting DB: 380
11-14 05:09:07.896  7974  7974 W Finsky:background: [2] PSR: Package name com.example.kursach_2 is recognized as shared library, but is not found as installed shared library.
11-14 05:09:07.899  9301 12169 I Finsky  : [266] SCH: Received scheduling request: Id: 12-1, Constraints: [{ L: 15000, D: 86400000, C: CHARGING_NONE, I: IDLE_NONE, N: NET_ANY, B: BATTERY_ANY }]
11-14 05:09:07.906  9301  9301 W Finsky  : [2] PSR: Package name com.example.kursach_2 is recognized as shared library, but is not found as installed shared library.
11-14 05:09:07.927   726   726 D AppSearchAppsIndexerManagerS: userid in package receiver: 10216
11-14 05:09:07.935  7974  7974 I Finsky:background: [2] aglg - Deduping intent android.intent.action.PACKAGE_ADDED
11-14 05:09:07.938  7974  7974 D ActivityThread: Package [com.example.kursach_2] reported as REPLACED, but missing application info. Assuming REMOVED.
11-14 05:09:07.942  7974 12160 I Finsky:background: [209] Wrote row to frosting DB: 381
11-14 05:09:07.943  7974  7974 D ActivityThread: Package [com.example.kursach_2] reported as REPLACED, but missing application info. Assuming REMOVED.
11-14 05:09:07.944  7974  8069 I Finsky:background: [82] RECEIVER_PACKAGE_MONITOR_BACKGROUND#logWorkEndAndFinishGoAsync: SUCCESS
11-14 05:09:07.971   726  2081 W ActivityTaskManager: callingPackage for (uid=2000, pid=12176) has no WPC
11-14 05:09:07.981   726  2081 I system_server: AssetManager2(0x7a4da8021778) locale list changing from [] to [en-US]
11-14 05:09:07.989   726  2081 V GrammaticalInflectionUtils: AttributionSource: android.content.AttributionSource@2e8d0b94 does not have READ_SYSTEM_GRAMMATICAL_GENDER permission.
11-14 05:09:07.993   726  2081 W OptProp : Cannot read opt property android.window.PROPERTY_COMPAT_ALLOW_USER_ASPECT_RATIO_OVERRIDE
11-14 05:09:07.994   726  2081 W OptProp : Cannot read opt property android.window.PROPERTY_COMPAT_ALLOW_USER_ASPECT_RATIO_FULLSCREEN_OVERRIDE
11-14 05:09:07.994   726  2081 W OptProp : Cannot read opt property android.window.PROPERTY_COMPAT_ALLOW_RESIZEABLE_ACTIVITY_OVERRIDES
11-14 05:09:07.995   726  2081 W OptProp : Cannot read opt property android.window.PROPERTY_COMPAT_ALLOW_MIN_ASPECT_RATIO_OVERRIDE
11-14 05:09:07.998   726   726 W Looper  : Drained
11-14 05:09:08.011  9301  9361 I Finsky  : [96] AIM: AppInfoManager-Perf > ItemModel > CacheSize=0, cacheHitCount=0, cacheMissCount=1, total appsWithNoServerDataCount=0. Missed  in cache (limit 10) : [com.example.kursach_2]
11-14 05:09:08.015   726  1462 I Role    : com.google.android.gms not qualified for android.app.role.SYSTEM_DEPENDENCY_INSTALLER due to missing RequiredComponent{mIntentFilterData=IntentFilterData{mAction='android.content.pm.action.INSTALL_DEPENDENCY', mCategories='[]', mDataScheme='null', mDataType='null'}, mMinTargetSdkVersion=1, mFlags='0', mPermission='android.permission.BIND_DEPENDENCY_INSTALLER', mQueryFlags=0, mMetaData=[]}
11-14 05:09:08.018  1516  1516 W VvmPkgInstalledRcvr: carrierVvmPkgAdded: carrier vvm packages doesn't contain com.example.kursach_2
11-14 05:09:08.018  1516  1516 D ActivityThread: Package [com.example.kursach_2] reported as REPLACED, but missing application info. Assuming REMOVED.
11-14 05:09:08.020   726  1462 E RoleControllerServiceImpl: Default/fallback role holder package doesn't qualify for the role, package: com.google.android.gms, role: android.app.role.SYSTEM_DEPENDENCY_INSTALLER
11-14 05:09:08.020   726  2081 W OptProp : Cannot read opt property android.window.PROPERTY_COMPAT_ALLOW_ORIENTATION_OVERRIDE
11-14 05:09:08.028   726  3029 D ActivityManager: sync unfroze 5124 com.google.android.googlequicksearchbox:search for 6
11-14 05:09:08.038  1516  1516 D ActivityThread: Package [com.example.kursach_2] reported as REPLACED, but missing application info. Assuming REMOVED.
11-14 05:09:08.055   566   574 I BpBinder: onLastStrongRef automatically unlinking death recipients: 
11-14 05:09:08.073   726   943 I system_server: AssetManager2(0x7a4da8022718) locale list changing from [] to [en-US]
11-14 05:09:08.075   726  1274 D BackgroundInstallControlService: Package event received: 0
11-14 05:09:08.087  1328  1476 I ndroid.systemui: AssetManager2(0x7a4da7ff3918) locale list changing from [] to [en-US]
11-14 05:09:08.100   726   943 V AccessibilityManagerService: onUserStateChangedLocked for userId: 0, forceUpdate: false
11-14 05:09:08.105  1328  1422 V WindowManagerShell: Transition requested (#54): android.os.BinderProxy@2ca8b39 TransitionRequestInfo { type = OPEN, triggerTask = TaskInfo{userId=0 taskId=20 effectiveUid=10216 displayId=0 isRunning=true baseIntent=Intent { act=android.intent.action.MAIN cat=[android.intent.category.LAUNCHER] flg=0x30000000 cmp=com.example.kursach_2/.MainActivity } baseActivity=ComponentInfo{com.example.kursach_2/com.example.kursach_2.MainActivity} topActivity=ComponentInfo{com.example.kursach_2/com.example.kursach_2.MainActivity} origActivity=null realActivity=ComponentInfo{com.example.kursach_2/com.example.kursach_2.MainActivity} numActivities=1 lastActiveTime=3530458 supportsMultiWindow=true resizeMode=1 isResizeable=true minWidth=-1 minHeight=-1 defaultMinSize=220 token=WCT{android.window.IWindowContainerToken$Stub$Proxy@dbed57e} topActivityType=1 pictureInPictureParams=null shouldDockBigOverlays=false launchIntoPipHostTaskId=-1 lastParentTaskIdBeforePip=-1 displayCutoutSafeInsets=Rect(0, 0 - 0, 0) topActivityInfo=ActivityInfo{cc17adf com.example.kursach_2.MainActivity} launchCookies=[] positionInParent=Point(0, 0) parentTaskId=-1 isFocused=false isVisible=false isVisibleRequested=false isTopActivityNoDisplay=false isSleeping=false locusId=null displayAreaFeatureId=1 isTopActivityTransparent=false isActivityStackTransparent=false lastNonFullscreenBounds=Rect(284, 660 - 796, 1740) capturedLink=null capturedLinkTimestamp=0 requestedVisibleTypes=-9 topActivityRequestOpenInBrowserEducationTimestamp=0 appCompatTaskInfo=AppCompatTaskInfo { topActivityInSizeCompat=false eligibleForLetterboxEducation= false isLetterboxEducationEnabled= true isLetterboxDoubleTapEnabled= false eligibleForUserAspectRatioButton= false topActivityBoundsLetterboxed= false isFromLetterboxDoubleTap= false topActivityLetterboxVerticalPosition= -1 topActivityLetterboxHorizontalPosition= -1 topActivityLetterboxWidth=-1 topActivityLetterboxHeight=-1 topActivityAppBounds=Rect(0, 0 - 1080, 2400) isUserFullscreenOverrideEnabled=false isSystemFullscreenOverrideEnabled=false hasMinAspectRatioOverride=false topActivityLetterboxBounds=null cameraCompatTaskInfo=CameraCompatTaskInfo { freeformCameraCompatMode=inactive}} topActivityMainWindowFrame=null}, pipChange = null, remoteTransition = null, displayChange = null, flags = 0, debugId = 54 }
11-14 05:09:08.105  1328  1422 D ShellSplitScreen: logExit: no-op, mLoggerSessionId is null
11-14 05:09:08.107   726  2090 D CompatChangeReporter: Compat change id reported: 377864165; UID 10216; state: ENABLED
11-14 05:09:08.126  1328  1477 W HWUI    : Image decoding logging dropped!
11-14 05:09:08.139   726  2081 I ActivityTaskManager: START u0 {act=android.intent.action.MAIN cat=[android.intent.category.LAUNCHER] flg=0x30000000 xflg=0x4 cmp=com.example.kursach_2/.MainActivity (has extras)} with LAUNCH_SINGLE_TOP from uid 2000 (BAL_ALLOW_PERMISSION) result code=0
11-14 05:09:08.160  1624  1624 W SplitSelectStateCtor: Missing session instanceIds
11-14 05:09:08.160  1624  1624 D StatsLog: LAUNCHER_SPLIT_SELECTION_EXIT_INTERRUPTED
11-14 05:09:08.167   726   943 W MagnificationConnectionManager: requestConnection duplicated request: connect=false, mConnectionState=DISCONNECTED
11-14 05:09:08.183   726   943 V AccessibilityManagerService: onUserStateChangedLocked for userId: 0, forceUpdate: false
11-14 05:09:08.186  9301  9361 I Finsky  : [96] AIM: AppInfoManager-Perf > ItemModel > ItemStore Called 1 apps cacheOptions = USE_CACHE
11-14 05:09:08.195  9301  9361 I Finsky  : [96] AIM: ItemModel fetch - unauth(1), auth()
11-14 05:09:08.207   726  2855 I AppsFilter: interaction: PackageSetting{5ecf916 com.android.microdroid.empty_payload/10200} -> PackageSetting{130e981 com.example.kursach_2/10216} BLOCKED
11-14 05:09:08.207   726  2855 I AppsFilter: interaction: PackageSetting{bd17c84 com.example.frontend_copia/10215} -> PackageSetting{130e981 com.example.kursach_2/10216} BLOCKED
11-14 05:09:08.233  9301  9301 I Finsky  : [2] DTU: Received onPackageAdded, replacing: true
11-14 05:09:08.273  1328  1422 D WindowManagerShell: setLauncherKeepClearAreaHeight: visible=false, height=527
11-14 05:09:08.285   566   566 I BpBinder: onLastStrongRef automatically unlinking death recipients: 
11-14 05:09:08.288   726   943 W MagnificationConnectionManager: requestConnection duplicated request: connect=false, mConnectionState=DISCONNECTED
11-14 05:09:08.290   726   726 W IPCThreadState: Sending oneway calls to frozen process.
11-14 05:09:08.307  9301  9353 I Finsky  : [88] ItemStore: Not cached: com.example.kursach_2
11-14 05:09:08.309   726   726 W IPCThreadState: Sending oneway calls to frozen process.
11-14 05:09:08.309   726   726 W IPCThreadState: Sending oneway calls to frozen process.
11-14 05:09:08.309   726   726 W IPCThreadState: Sending oneway calls to frozen process.
11-14 05:09:08.310  1516  1516 D SatelliteController: packageStateChanged: package:com.example.kursach_2 DefaultSmsPackageName:com.google.android.apps.messaging
11-14 05:09:08.310  1516  1516 V SatelliteController: Neither SMS or SatelliteGateway package
11-14 05:09:08.338   726   726 W IPCThreadState: Sending oneway calls to frozen process.
11-14 05:09:08.339   726   726 W IPCThreadState: Sending oneway calls to frozen process.
11-14 05:09:08.349  7974  8015 I ding:background: Waiting for a blocking GC ProfileSaver
11-14 05:09:08.441   726  2456 D ActivityManager: sync unfroze 8953 com.google.android.gms for 6
11-14 05:09:08.503  7974  8015 I ding:background: WaitForGcToComplete blocked ProfileSaver on Background for 153.896ms
11-14 05:09:08.513   726  1462 E RoleControllerServiceImpl: Default/fallback role holder package doesn't qualify for the role, package: com.google.android.gms, role: android.app.role.WALLET
11-14 05:09:08.546  7974  7974 I Finsky:background: [2] Memory trim requested to level 40
11-14 05:09:08.573   726   726 W Looper  : Slow dispatch took 192ms main app=system_server main=true group=FOREGROUND h=com.android.server.notification.NotificationManagerService$WorkerHandler c=com.android.server.notification.NotificationManagerService$CancelNotificationRunnable@afff5d3 m=0
11-14 05:09:08.574   726   760 V GrammaticalInflectionUtils: AttributionSource: android.content.AttributionSource@2e8d0b94 does not have READ_SYSTEM_GRAMMATICAL_GENDER permission.
11-14 05:09:08.592  5124  5124 W TimedProcessReaper: Memory state is: 125
11-14 05:09:08.609   726   757 V WindowManager: Sent Transition (#54) createdAt=11-14 05:09:07.995 via request=TransitionRequestInfo { type = OPEN, triggerTask = TaskInfo{userId=0 taskId=20 effectiveUid=10216 displayId=0 isRunning=true baseIntent=Intent { act=android.intent.action.MAIN cat=[android.intent.category.LAUNCHER] flg=0x30000000 cmp=com.example.kursach_2/.MainActivity } baseActivity=ComponentInfo{com.example.kursach_2/com.example.kursach_2.MainActivity} topActivity=ComponentInfo{com.example.kursach_2/com.example.kursach_2.MainActivity} origActivity=null realActivity=ComponentInfo{com.example.kursach_2/com.example.kursach_2.MainActivity} numActivities=1 lastActiveTime=3530458 supportsMultiWindow=true resizeMode=1 isResizeable=true minWidth=-1 minHeight=-1 defaultMinSize=220 token=WCT{RemoteToken{42f240 Task{6b6b995 #20 type=standard I=com.example.kursach_2/.MainActivity}}} topActivityType=1 pictureInPictureParams=null shouldDockBigOverlays=false launchIntoPipHostTaskId=-1 lastParentTaskIdBeforePip=-1 displayCutoutSafeInsets=Rect(0, 0 - 0, 0) topActivityInfo=ActivityInfo{fd0d579 com.example.kursach_2.MainActivity} launchCookies=[] positionInParent=Point(0, 0) parentTaskId=-1 isFocused=false isVisible=false isVisibleRequested=false isTopActivityNoDisplay=false isSleeping=false locusId=null displayAreaFeatureId=1 isTopActivityTransparent=false isActivityStackTransparent=false lastNonFullscreenBounds=Rect(284, 660 - 796, 1740) capturedLink=null capturedLinkTimestamp=0 requestedVisibleTypes=-9 topActivityRequestOpenInBrowserEducationTimestamp=0 appCompatTaskInfo=AppCompatTaskInfo { topActivityInSizeCompat=false eligibleForLetterboxEducation= false isLetterboxEducationEnabled= true isLetterboxDoubleTapEnabled= false eligibleForUserAspectRatioButton= false topActivityBoundsLetterboxed= false isFromLetterboxDoubleTap= false topActivityLetterboxVerticalPosition= -1 topActivityLetterboxHorizontalPosition= -1 topActivityLetterboxWidth=-1 topActivityLetterboxHeight=-1 topActivityAppBounds=Rect(0, 0 - 1080, 2400) isUserFullscreenOverrideEnabled=false isSystemFullscreenOverrideEnabled=false hasMinAspectRatioOverride=false topActivityLetterboxBounds=null cameraCompatTaskInfo=CameraCompatTaskInfo { freeformCameraCompatMode=inactive}} topActivityMainWindowFrame=null}, pipChange = null, remoteTransition = null, displayChange = null, flags = 0, debugId = 54 }
11-14 05:09:08.610   726   757 V WindowManager:     startWCT=WindowContainerTransaction { changes= {} hops= [] errorCallbackToken=null taskFragmentOrganizer=null }
11-14 05:09:08.610   726   757 V WindowManager:     info={id=54 t=OPEN f=0x0 trk=0 r=[0@Point(0, 0)] c=[
11-14 05:09:08.610   726   757 V WindowManager:         {WCT{RemoteToken{42f240 Task{6b6b995 #20 type=standard I=com.example.kursach_2/.MainActivity}}} m=OPEN f=NONE leash=Surface(name=Task=20)/@0xef03172 sb=Rect(0, 0 - 1080, 2400) eb=Rect(0, 0 - 1080, 2400) epz=Point(1080, 2400) d=0 taskParent=-1},
11-14 05:09:08.610   726   757 V WindowManager:         {WCT{RemoteToken{371e96e Task{abececc #1 type=home}}} m=TO_BACK f=SHOW_WALLPAPER leash=Surface(name=Task=1)/@0xbaab091 sb=Rect(0, 0 - 1080, 2400) eb=Rect(0, 0 - 1080, 2400) epz=Point(1080, 2400) d=0 taskParent=-1},
11-14 05:09:08.610   726   757 V WindowManager:         {m=TO_BACK f=IS_WALLPAPER leash=Surface(name=WallpaperWindowToken{9c7e001 showWhenLocked=false})/@0x9708ccb sb=Rect(0, 0 - 1080, 2400) eb=Rect(0, 0 - 1080, 2400) epz=Point(1080, 2400) d=0}
11-14 05:09:08.610   726   757 V WindowManager:     ]}
11-14 05:09:08.620  1328  1503 V WindowManagerShell: onTransitionReady(transaction=3118146258295)
