--------- beginning of system
11-14 05:08:41.727   726   918 D ActivityManager: freezing 9203 com.google.android.gms.unstable
--------- beginning of main
11-14 05:08:45.308  1516  1818 D SatelliteController: iisInCarrierRoamingNbIotNtn: satellite is disabled
11-14 05:08:45.545  1590  1590 I wpa_supplicant: wlan0: CTRL-EVENT-BEACON-LOSS 
11-14 05:08:53.483  1590  1590 I wpa_supplicant: wlan0: CTRL-EVENT-BEACON-LOSS 
11-14 05:08:55.309  1516  1818 D SatelliteController: iisInCarrierRoamingNbIotNtn: satellite is disabled
11-14 05:09:01.675  1590  1590 I wpa_supplicant: wlan0: CTRL-EVENT-BEACON-LOSS 
11-14 05:09:04.409   726  2452 I ActivityManager: Force stopping com.example.kursach_2 appid=10216 user=0: from pid 12138
11-14 05:09:04.423   726  2452 I ActivityManager: Killing 11942:com.example.kursach_2/u0a216 (adj 0): stop com.example.kursach_2 due to from pid 12138
11-14 05:09:04.449   726  1223 D InetDiagMessage: Destroyed 0 sockets, proto=IPPROTO_TCP, family=AF_INET, states=14
11-14 05:09:04.451   726  2452 W ActivityTaskManager: Force removing ActivityRecord{154671731 u0 com.example.kursach_2/.MainActivity t19 f}}: app died, no saved state
11-14 05:09:04.462   726  1274 D BackgroundInstallControlService: Package event received: 0
11-14 05:09:04.463  1328  1422 V WindowManagerShell: Transition requested (#53): android.os.BinderProxy@dbedbb8 TransitionRequestInfo { type = CLOSE, triggerTask = TaskInfo{userId=0 taskId=19 effectiveUid=10216 displayId=0 isRunning=false baseIntent=Intent { act=android.intent.action.MAIN cat=[android.intent.category.LAUNCHER] flg=0x30000000 cmp=com.example.kursach_2/.MainActivity } baseActivity=null topActivity=null origActivity=null realActivity=ComponentInfo{com.example.kursach_2/com.example.kursach_2.MainActivity} numActivities=0 lastActiveTime=3458882 supportsMultiWindow=true resizeMode=1 isResizeable=true minWidth=-1 minHeight=-1 defaultMinSize=220 token=WCT{android.window.IWindowContainerToken$Stub$Proxy@985cd91} topActivityType=1 pictureInPictureParams=null shouldDockBigOverlays=false launchIntoPipHostTaskId=-1 lastParentTaskIdBeforePip=-1 displayCutoutSafeInsets=Rect(0, 0 - 0, 0) topActivityInfo=null launchCookies=[] positionInParent=Point(0, 0) parentTaskId=-1 isFocused=true isVisible=true isVisibleRequested=true isTopActivityNoDisplay=false isSleeping=false locusId=null displayAreaFeatureId=1 isTopActivityTransparent=false isActivityStackTransparent=true lastNonFullscreenBounds=Rect(284, 660 - 796, 1740) capturedLink=null capturedLinkTimestamp=0 requestedVisibleTypes=-9 topActivityRequestOpenInBrowserEducationTimestamp=0 appCompatTaskInfo=AppCompatTaskInfo { topActivityInSizeCompat=false eligibleForLetterboxEducation= false isLetterboxEducationEnabled= false isLetterboxDoubleTapEnabled= false eligibleForUserAspectRatioButton= false topActivityBoundsLetterboxed= false isFromLetterboxDoubleTap= false topActivityLetterboxVerticalPosition= -1 topActivityLetterboxHorizontalPosition= -1 topActivityLetterboxWidth=-1 topActivityLetterboxHeight=-1 topActivityAppBounds=Rect(0, 0 - 0, 0) isUserFullscreenOverrideEnabled=false isSystemFullscreenOverrideEnabled=false hasMinAspectRatioOverride=false topActivityLetterboxBounds=null cameraCompatTaskInfo=CameraCompatTaskInfo { freeformCameraCompatMode=undefined}} topActivityMainWindowFrame=null}, pipChange = null, remoteTransition = null, displayChange = null, flags = 0, debugId = 53 }
11-14 05:09:04.469   726  1223 D InetDiagMessage: Destroyed 0 sockets, proto=IPPROTO_TCP, family=AF_INET6, states=14
11-14 05:09:04.469   726  1223 D InetDiagMessage: Destroyed live tcp sockets for uids={10216} in 22ms
11-14 05:09:04.471   726  1223 D InetDiagMessage: Destroyed 0 sockets, proto=IPPROTO_TCP, family=AF_INET, states=14
11-14 05:09:04.474   726  1223 D InetDiagMessage: Destroyed 0 sockets, proto=IPPROTO_TCP, family=AF_INET6, states=14
11-14 05:09:04.475   726  1223 D InetDiagMessage: Destroyed live tcp sockets for uids={20216} in 5ms
11-14 05:09:04.477   566   607 I BpBinder: onLastStrongRef automatically unlinking death recipients: 
11-14 05:09:04.508  1624  1624 D ViewRootImpl: Skipping stats log for color mode
11-14 05:09:04.514   726  2452 W IPCThreadState: Sending oneway calls to frozen process.
11-14 05:09:04.515   726  2452 W IPCThreadState: Sending oneway calls to frozen process.
11-14 05:09:04.515   726  2452 W IPCThreadState: Sending oneway calls to frozen process.
11-14 05:09:04.515   726  2452 W IPCThreadState: Sending oneway calls to frozen process.
11-14 05:09:04.516   726  2452 W IPCThreadState: Sending oneway calls to frozen process.
11-14 05:09:04.527   726  2452 W IPCThreadState: Sending oneway calls to frozen process.
11-14 05:09:04.530   726  2452 W IPCThreadState: Sending oneway calls to frozen process.
11-14 05:09:04.531   726  1274 D BackgroundInstallControlService: Package event received: 0
11-14 05:09:04.534  1624  1624 D NexusLauncherModelDelegate: notifySmartspaceEvent: SmartspaceTargetEvent{mSmartspaceTarget=null, mSmartspaceActionId='null', mEventType=6}
11-14 05:09:04.534   726  2452 W IPCThreadState: Sending oneway calls to frozen process.
11-14 05:09:04.534   566   566 I BpBinder: onLastStrongRef automatically unlinking death recipients: 
11-14 05:09:04.535   726  2452 W IPCThreadState: Sending oneway calls to frozen process.
11-14 05:09:04.536   726  2452 W IPCThreadState: Sending oneway calls to frozen process.
11-14 05:09:04.536   726  2452 W IPCThreadState: Sending oneway calls to frozen process.
11-14 05:09:04.536   726  2452 W IPCThreadState: Sending oneway calls to frozen process.
11-14 05:09:04.537   726  2452 W IPCThreadState: Sending oneway calls to frozen process.
11-14 05:09:04.537   726  2452 W IPCThreadState: Sending oneway calls to frozen process.
11-14 05:09:04.538  1328  1422 D WindowManagerShell: setLauncherKeepClearAreaHeight: visible=true, height=527
11-14 05:09:04.541   726  2452 W IPCThreadState: Sending oneway calls to frozen process.
11-14 05:09:04.541   726  2452 W IPCThreadState: Sending oneway calls to frozen process.
11-14 05:09:04.544   726  2452 W IPCThreadState: Sending oneway calls to frozen process.
11-14 05:09:04.544   726  2452 W IPCThreadState: Sending oneway calls to frozen process.
11-14 05:09:04.545   726  2452 W IPCThreadState: Sending oneway calls to frozen process.
11-14 05:09:04.547   726  2452 W IPCThreadState: Sending oneway calls to frozen process.
11-14 05:09:04.554   726  1274 D BackgroundInstallControlService: Package event received: 0
11-14 05:09:04.555   726  2452 W IPCThreadState: Sending oneway calls to frozen process.
11-14 05:09:04.555   726  2452 W IPCThreadState: Sending oneway calls to frozen process.
11-14 05:09:04.557   726  2452 W IPCThreadState: Sending oneway calls to frozen process.
11-14 05:09:04.557   726  2452 W IPCThreadState: Sending oneway calls to frozen process.
11-14 05:09:04.558   726  2452 W IPCThreadState: Sending oneway calls to frozen process.
11-14 05:09:04.558   726  2452 W IPCThreadState: Sending oneway calls to frozen process.
11-14 05:09:04.558   726  2452 W IPCThreadState: Sending oneway calls to frozen process.
11-14 05:09:04.559   726  2452 W IPCThreadState: Sending oneway calls to frozen process.
11-14 05:09:04.559   726  2452 W IPCThreadState: Sending oneway calls to frozen process.
11-14 05:09:04.559   726  2452 W IPCThreadState: Sending oneway calls to frozen process.
11-14 05:09:04.560   726  2452 W IPCThreadState: Sending oneway calls to frozen process.
11-14 05:09:04.561   726  2452 W IPCThreadState: Sending oneway calls to frozen process.
11-14 05:09:04.561   726  2452 W IPCThreadState: Sending oneway calls to frozen process.
11-14 05:09:04.561   726  2452 W IPCThreadState: Sending oneway calls to frozen process.
11-14 05:09:04.562   726  2452 W IPCThreadState: Sending oneway calls to frozen process.
11-14 05:09:04.563   726  2452 W IPCThreadState: Sending oneway calls to frozen process.
11-14 05:09:04.565   726  2452 W IPCThreadState: Sending oneway calls to frozen process.
11-14 05:09:04.565   726  2452 W IPCThreadState: Sending oneway calls to frozen process.
11-14 05:09:04.566   726  2452 W IPCThreadState: Sending oneway calls to frozen process.
11-14 05:09:04.570  1627  1627 I adbd    : Remote process closed the socket (on MSG_PEEK)
11-14 05:09:04.572   726  2452 W IPCThreadState: Sending oneway calls to frozen process.
11-14 05:09:04.593   726  2452 W IPCThreadState: Sending oneway calls to frozen process.
11-14 05:09:04.597  1624  1624 D BaseDepthController: setSurface:
11-14 05:09:04.597  1624  1624 D BaseDepthController: 	mWaitingOnSurfaceValidity: false
11-14 05:09:04.597  1624  1624 D BaseDepthController: 	mBaseSurface: Surface(name=com.google.android.apps.nexuslauncher/com.google.android.apps.nexuslauncher.NexusLauncherActivity)/@0xea8d43b
11-14 05:09:04.610   726  3029 I WindowManager: WIN DEATH: Window{42fe9af u0 com.example.kursach_2/com.example.kursach_2.MainActivity}
11-14 05:09:04.613   726   773 I libprocessgroup: Removed cgroup /sys/fs/cgroup/apps/uid_10216/pid_11942
11-14 05:09:04.615   726  2452 W IPCThreadState: Sending oneway calls to frozen process.
11-14 05:09:04.619   726  2452 W IPCThreadState: Sending oneway calls to frozen process.
11-14 05:09:04.620   726  2452 W IPCThreadState: Sending oneway calls to frozen process.
11-14 05:09:04.625   726  2090 I ImeTracker: com.example.kursach_2:fdfabe97: onRequestHide at ORIGIN_SERVER reason HIDE_REMOVE_CLIENT fromUser false
11-14 05:09:04.630   491   491 I Zygote  : Process 11942 exited due to signal 9 (Killed)
11-14 05:09:04.630   726  2452 W IPCThreadState: Sending oneway calls to frozen process.
11-14 05:09:04.633   726  2452 W IPCThreadState: Sending oneway calls to frozen process.
11-14 05:09:04.633   726  2452 W IPCThreadState: Sending oneway calls to frozen process.
11-14 05:09:04.633   726  2452 W IPCThreadState: Sending oneway calls to frozen process.
11-14 05:09:04.634   726  2452 W IPCThreadState: Sending oneway calls to frozen process.
11-14 05:09:04.634   726  2452 W IPCThreadState: Sending oneway calls to frozen process.
11-14 05:09:04.638   726  2090 I ImeTracker: com.example.kursach_2:fdfabe97: onCancelled at PHASE_SERVER_SHOULD_HIDE
11-14 05:09:04.671   726  2452 I AppsFilter: interaction: PackageSetting{5ecf916 com.android.microdroid.empty_payload/10200} -> PackageSetting{f8f9e98 com.example.kursach_2/10216} BLOCKED
11-14 05:09:04.673   726  2452 I AppsFilter: interaction: PackageSetting{bd17c84 com.example.frontend_copia/10215} -> PackageSetting{f8f9e98 com.example.kursach_2/10216} BLOCKED
11-14 05:09:04.706   726   760 V WindowManager: Unknown focus tokens, dropping reportFocusChanged
11-14 05:09:04.722   726   760 W ActivityManager: setHasOverlayUi called on unknown pid: 11942
11-14 05:09:04.735   726  2086 V ActivityManager: Got obituary of 11942:com.example.kursach_2
11-14 05:09:04.739  1624  1624 D StatsLog: LAUNCHER_ONRESUME
11-14 05:09:04.810  1516  1516 D CarrierSvcBindHelper: onHandleForceStop: [com.example.kursach_2]
11-14 05:09:04.836  1516  1516 D CarrierSvcBindHelper: No carrier app for: 0
11-14 05:09:04.857  1328  2857 V WindowManagerShell: onTransitionReady(transaction=3118146258275)
11-14 05:09:04.858  1328  1422 V WindowManagerShell: onTransitionReady (#53) android.os.BinderProxy@dbedbb8: {id=53 t=CLOSE f=0x0 trk=0 r=[0@Point(0, 0)] c=[
11-14 05:09:04.858  1328  1422 V WindowManagerShell:         {m=TO_FRONT f=SHOW_WALLPAPER|MOVE_TO_TOP leash=Surface(name=Task=1)/@0x128a0f7 sb=Rect(0, 0 - 1080, 2400) eb=Rect(0, 0 - 1080, 2400) epz=Point(1080, 2400) d=0 taskParent=-1},
11-14 05:09:04.858  1328  1422 V WindowManagerShell:         {m=CLOSE f=NONE leash=Surface(name=Task=19)/@0x561fb64 sb=Rect(0, 0 - 1080, 2400) eb=Rect(0, 0 - 1080, 2400) epz=Point(1080, 2400) d=0 taskParent=-1},
11-14 05:09:04.858  1328  1422 V WindowManagerShell:         {m=TO_FRONT f=IS_WALLPAPER leash=Surface(name=WallpaperWindowToken{9c7e001 showWhenLocked=false})/@0x8a8b1cd sb=Rect(0, 0 - 1080, 2400) eb=Rect(0, 0 - 1080, 2400) epz=Point(1080, 2400) d=0}
11-14 05:09:04.858  1328  1422 V WindowManagerShell:     ]}
11-14 05:09:04.859  1328  1422 V WindowManagerShell: Playing animation for (#53) android.os.BinderProxy@dbedbb8@0
11-14 05:09:04.860  1328  1422 V ShellRecents: RecentsTransitionHandler.startAnimation: no controller found
11-14 05:09:04.860  1328  1422 V WindowManagerShell: Transition doesn't have explicit remote, search filters for match for {id=53 t=CLOSE f=0x0 trk=0 r=[0@Point(0, 0)] c=[{m=TO_FRONT f=SHOW_WALLPAPER|MOVE_TO_TOP leash=Surface(name=Task=1)/@0x128a0f7 sb=Rect(0, 0 - 1080, 2400) eb=Rect(0, 0 - 1080, 2400) epz=Point(1080, 2400) d=0 taskParent=-1},{m=CLOSE f=NONE leash=Surface(name=Task=19)/@0x561fb64 sb=Rect(0, 0 - 1080, 2400) eb=Rect(0, 0 - 1080, 2400) epz=Point(1080, 2400) d=0 taskParent=-1},{m=TO_FRONT f=IS_WALLPAPER leash=Surface(name=WallpaperWindowToken{9c7e001 showWhenLocked=false})/@0x8a8b1cd sb=Rect(0, 0 - 1080, 2400) eb=Rect(0, 0 - 1080, 2400) epz=Point(1080, 2400) d=0}]}
11-14 05:09:04.861  1328  1422 V WindowManagerShell:  Checking filter Pair{{types=[] flags=0x0] notFlags=0x0 checks=[{atype=undefined independent=true modes=[CLOSE,TO_BACK] flags=IN_TASK_WITH_EMBEDDED_ACTIVITY mustBeTask=false order=ANY topActivity=null launchCookie=null taskFragmentToken=android.os.BinderProxy@78ee845 windowingMode=undefined}]} RemoteTransition { remoteTransition = android.window.IRemoteTransition$Stub$Proxy@cfc1b9a, appThread = android.app.IApplicationThread$Stub$Proxy@adcdccb, debugName = overlayBackTransition }}
11-14 05:09:04.861  1328  1422 V WindowManagerShell:  Checking filter Pair{{types=[] flags=0x0] notFlags=0x0 checks=[{atype=dream independent=true modes=[OPEN,TO_FRONT] flags=NONE mustBeTask=false order=ANY topActivity=null launchCookie=null windowingMode=undefined},{atype=home independent=true modes=[CLOSE,TO_BACK] flags=NONE mustBeTask=false order=ANY topActivity=null launchCookie=null windowingMode=undefined}]} RemoteTransition { remoteTransition = android.window.IRemoteTransition$Stub$Proxy@b520ca8, appThread = android.app.IApplicationThread$Stub$Proxy@3bac3c1, debugName = LauncherToDream }}
11-14 05:09:04.861  1328  1422 V WindowManagerShell:  Checking filter Pair{{types=[] flags=0x0] notFlags=0x100 checks=[{atype=home independent=true modes=[OPEN,TO_FRONT] flags=NONE mustBeTask=false order=TOP topActivity=ComponentInfo{com.google.android.apps.nexuslauncher/com.google.android.apps.nexuslauncher.NexusLauncherActivity} launchCookie=null windowingMode=undefined},{atype=standard independent=true modes=[CLOSE,TO_BACK] flags=NONE mustBeTask=false order=ANY topActivity=null launchCookie=null windowingMode=undefined},{NOT atype=undefined independent=true modes=[] flags=NONE mustBeTask=true order=ANY topActivity=null launchCookie=null customAnim=true windowingMode=undefined}]} RemoteTransition { remoteTransition = android.window.IRemoteTransition$Stub$Proxy@6705766, appThread = android.app.IApplicationThread$Stub$Proxy@75a7aa7, debugName = QuickstepLaunchHome }}
11-14 05:09:04.862  1328  1422 D RemoteTransitionHandler: Found filterPair{{types=[] flags=0x0] notFlags=0x100 checks=[{atype=home independent=true modes=[OPEN,TO_FRONT] flags=NONE mustBeTask=false order=TOP topActivity=ComponentInfo{com.google.android.apps.nexuslauncher/com.google.android.apps.nexuslauncher.NexusLauncherActivity} launchCookie=null windowingMode=undefined},{atype=standard independent=true modes=[CLOSE,TO_BACK] flags=NONE mustBeTask=false order=ANY topActivity=null launchCookie=null windowingMode=undefined},{NOT atype=undefined independent=true modes=[] flags=NONE mustBeTask=true order=ANY topActivity=null launchCookie=null customAnim=true windowingMode=undefined}]} RemoteTransition { remoteTransition = android.window.IRemoteTransition$Stub$Proxy@6705766, appThread = android.app.IApplicationThread$Stub$Proxy@75a7aa7, debugName = QuickstepLaunchHome }}
11-14 05:09:04.862  1328  1422 V WindowManagerShell:  Delegate animation for (#53) to RemoteTransition { remoteTransition = android.window.IRemoteTransition$Stub$Proxy@6705766, appThread = android.app.IApplicationThread$Stub$Proxy@75a7aa7, debugName = QuickstepLaunchHome }
11-14 05:09:04.871  1624  1624 D StateManager: createAtomicAnimation - fromState: Background, toState: Normal, partial trace:
11-14 05:09:04.871  1624  1624 D StateManager: 	at com.android.quickstep.util.WorkspaceRevealAnim.prepareToAnimate(go/retraceme ee19ec8c009da7af1d458e7d1683a6f5bf3b93b44f6674aa108e1a3e78584fe0:22)
11-14 05:09:04.871  1624  1624 D StateManager: 	at com.android.quickstep.util.WorkspaceRevealAnim.<init>(go/retraceme ee19ec8c009da7af1d458e7d1683a6f5bf3b93b44f6674aa108e1a3e78584fe0:11)
11-14 05:09:04.871  1624  1624 D StateManager: 	at com.android.launcher3.QuickstepTransitionManager.createWallpaperOpenAnimations(go/retraceme ee19ec8c009da7af1d458e7d1683a6f5bf3b93b44f6674aa108e1a3e78584fe0:339)
11-14 05:09:04.874  6581  6581 I abb     : StartCommandInProcess(73657474696e67730067657400676c6f settings.get.glo [truncated])
11-14 05:09:04.878  1624  1624 D b/311077782: LauncherAnimationRunner.setAnimation
11-14 05:09:04.889  1624  1666 D QuickstepModelDelegate: notifyAppTargetEvent action=1 launchLocation=workspace/0/[-1,-1]/[1,1]
11-14 05:09:04.901  1624  1624 I NotificationListener: Handling notification state refresh for com.android.vending#0
11-14 05:09:04.901  1624  1624 I NotificationListener: Handling notification state refresh for com.google.android.apps.wellbeing#0
11-14 05:09:04.902  1624  1624 I NotificationListener: Handling notification state refresh for android#0
11-14 05:09:04.902  1624  1624 I NotificationListener: Handling notification state refresh for com.android.systemui#0
11-14 05:09:04.905   726   757 V WindowManager: Sent Transition (#53) createdAt=11-14 05:09:04.451 via request=TransitionRequestInfo { type = CLOSE, triggerTask = TaskInfo{userId=0 taskId=19 effectiveUid=10216 displayId=0 isRunning=false baseIntent=Intent { act=android.intent.action.MAIN cat=[android.intent.category.LAUNCHER] flg=0x30000000 cmp=com.example.kursach_2/.MainActivity } baseActivity=null topActivity=null origActivity=null realActivity=ComponentInfo{com.example.kursach_2/com.example.kursach_2.MainActivity} numActivities=0 lastActiveTime=3458882 supportsMultiWindow=true resizeMode=1 isResizeable=true minWidth=-1 minHeight=-1 defaultMinSize=220 token=WCT{RemoteToken{39764bd Task{20ec248 #19 type=standard I=com.example.kursach_2/.MainActivity}}} topActivityType=1 pictureInPictureParams=null shouldDockBigOverlays=false launchIntoPipHostTaskId=-1 lastParentTaskIdBeforePip=-1 displayCutoutSafeInsets=Rect(0, 0 - 0, 0) topActivityInfo=null launchCookies=[] positionInParent=Point(0, 0) parentTaskId=-1 isFocused=true isVisible=true isVisibleRequested=true isTopActivityNoDisplay=false isSleeping=false locusId=null displayAreaFeatureId=1 isTopActivityTransparent=false isActivityStackTransparent=true lastNonFullscreenBounds=Rect(284, 660 - 796, 1740) capturedLink=null capturedLinkTimestamp=0 requestedVisibleTypes=-9 topActivityRequestOpenInBrowserEducationTimestamp=0 appCompatTaskInfo=AppCompatTaskInfo { topActivityInSizeCompat=false eligibleForLetterboxEducation= false isLetterboxEducationEnabled= false isLetterboxDoubleTapEnabled= false eligibleForUserAspectRatioButton= false topActivityBoundsLetterboxed= false isFromLetterboxDoubleTap= false topActivityLetterboxVerticalPosition= -1 topActivityLetterboxHorizontalPosition= -1 topActivityLetterboxWidth=-1 topActivityLetterboxHeight=-1 topActivityAppBounds=Rect(0, 0 - 0, 0) isUserFullscreenOverrideEnabled=false isSystemFullscreenOverrideEnabled=false hasMinAspectRatioOverride=false topActivityLetterboxBounds=null cameraCompatTaskInfo=CameraCompatTaskInfo { freeformCameraCompatMode=undefined}} topActivityMainWindowFrame=null}, pipChange = null, remoteTransition = null, displayChange = null, flags = 0, debugId = 53 }
11-14 05:09:04.906   726   757 V WindowManager:     startWCT=WindowContainerTransaction { changes= {} hops= [] errorCallbackToken=null taskFragmentOrganizer=null }
11-14 05:09:04.906   726   757 V WindowManager:     info={id=53 t=CLOSE f=0x0 trk=0 r=[0@Point(0, 0)] c=[
11-14 05:09:04.906   726   757 V WindowManager:         {WCT{RemoteToken{371e96e Task{abececc #1 type=home}}} m=TO_FRONT f=SHOW_WALLPAPER|MOVE_TO_TOP leash=Surface(name=Task=1)/@0xbaab091 sb=Rect(0, 0 - 1080, 2400) eb=Rect(0, 0 - 1080, 2400) epz=Point(1080, 2400) d=0 taskParent=-1},
11-14 05:09:04.906   726   757 V WindowManager:         {WCT{RemoteToken{39764bd Task{20ec248 #19 type=standard I=com.example.kursach_2/.MainActivity}}} m=CLOSE f=NONE leash=Surface(name=Task=19)/@0xe3fe67 sb=Rect(0, 0 - 1080, 2400) eb=Rect(0, 0 - 1080, 2400) epz=Point(1080, 2400) d=0 taskParent=-1},
11-14 05:09:04.906   726   757 V WindowManager:         {m=TO_FRONT f=IS_WALLPAPER leash=Surface(name=WallpaperWindowToken{9c7e001 showWhenLocked=false})/@0x9708ccb sb=Rect(0, 0 - 1080, 2400) eb=Rect(0, 0 - 1080, 2400) epz=Point(1080, 2400) d=0}
11-14 05:09:04.906   726   757 V WindowManager:     ]}
11-14 05:09:04.920  1328  1422 V WindowManagerShell:  animated by com.android.wm.shell.transition.RemoteTransitionHandler@d1efe6a
11-14 05:09:04.942   726   939 I ImeTracker: com.google.android.apps.nexuslauncher:8fd3dd3e: onRequestHide at ORIGIN_SERVER reason HIDE_UNSPECIFIED_WINDOW fromUser false
11-14 05:09:04.950   726   726 W binder:726_17: type=1400 audit(0.0:684): avc:  denied  { getopt } for  scontext=u:r:system_server:s0 tcontext=u:r:shell:s0 tclass=unix_stream_socket permissive=0
11-14 05:09:04.971  6581  6581 I abb     : StartCommandInProcess(7061636b61676500696e7374616c6c00 package.install. [truncated])
11-14 05:09:04.950   726   726 W binder:726_17: type=1400 audit(0.0:685): avc:  denied  { getopt } for  scontext=u:r:system_server:s0 tcontext=u:r:shell:s0 tclass=unix_stream_socket permissive=0
11-14 05:09:04.950   726   726 W binder:726_17: type=1400 audit(0.0:686): avc:  denied  { getopt } for  scontext=u:r:system_server:s0 tcontext=u:r:shell:s0 tclass=unix_stream_socket permissive=0
11-14 05:09:05.007  1624  1624 D InsetsController: hide(ime(), fromIme=false)
11-14 05:09:05.008  1624  1624 I ImeTracker: com.google.android.apps.nexuslauncher:8fd3dd3e: onCancelled at PHASE_CLIENT_ALREADY_HIDDEN
11-14 05:09:05.009  9250  9250 I GoogleInputMethodService: GoogleInputMethodService.onFinishInput():2043 
11-14 05:09:05.021   726   893 I ImeTracker: system_server:39fdfda5: onRequestHide at ORIGIN_SERVER reason IME_REQUESTED_CHANGED_LISTENER fromUser false
11-14 05:09:05.022  9250  9250 I Module  : DeviceLockedStatusModuleProvider$Module.updateDeviceLockedStatus():100 repeatCheckTimes = 0, locked = false
11-14 05:09:05.034  9250  9250 I GoogleInputMethodService: GoogleInputMethodService.onStartInput():1293 onStartInput(EditorInfo{EditorInfo{packageName=com.google.android.apps.nexuslauncher, inputType=0, inputTypeString=NULL, enableLearning=false, autoCorrection=false, autoComplete=false, imeOptions=0, privateImeOptions=null, actionName=UNSPECIFIED, actionLabel=null, initialSelStart=-1, initialSelEnd=-1, initialCapsMode=0, label=null, fieldId=0, fieldName=null, extras=null, hintText=null, hintLocales=[]}}, false)
11-14 05:09:05.040   726   891 W IPCThreadState: Sending oneway calls to frozen process.
11-14 05:09:05.061  9250  9250 I Module  : DeviceLockedStatusModuleProvider$Module.updateDeviceLockedStatus():100 repeatCheckTimes = 1, locked = false
11-14 05:09:05.061  9250  9250 I EmojiCompatManager: EmojiCompatManager.getEmojiCompatIfLoaded():343 EmojiCompat.init() was never called.
11-14 05:09:05.061  9250  9250 I EmojiCompatManager: java.lang.IllegalStateException: EmojiCompat is not initialized. Please call EmojiCompat.init() first
11-14 05:09:05.061  9250  9250 I EmojiCompatManager: 	at asx.p(PG:6)
11-14 05:09:05.061  9250  9250 I EmojiCompatManager: 	at axb.b(PG:13)
11-14 05:09:05.061  9250  9250 I EmojiCompatManager: 	at jnr.b(PG:2)
11-14 05:09:05.061  9250  9250 I EmojiCompatManager: 	at jnr.c(PG:4)
11-14 05:09:05.061  9250  9250 I EmojiCompatManager: 	at jnr.f(PG:3)
11-14 05:09:05.061  9250  9250 I EmojiCompatManager: 	at jnx.c(PG:3)
11-14 05:09:05.061  9250  9250 I EmojiCompatManager: 	at kif.cz(PG:47)
11-14 05:09:05.061  9250  9250 I EmojiCompatManager: 	at lhl.run(PG:1025)
11-14 05:09:05.061  9250  9250 I EmojiCompatManager: 	at jaf.execute(PG:12)
11-14 05:09:05.061  9250  9250 I EmojiCompatManager: 	at nco.v(PG:13)
11-14 05:09:05.061  9250  9250 I EmojiCompatManager: 	at lhn.m(PG:96)
11-14 05:09:05.061  9250  9250 I EmojiCompatManager: 	at lhn.k(PG:25)
11-14 05:09:05.061  9250  9250 I EmojiCompatManager: 	at kgn.onStartInput(PG:250)
11-14 05:09:05.061  9250  9250 I EmojiCompatManager: 	at android.inputmethodservice.InputMethodService.doStartInput(InputMethodService.java:3521)
11-14 05:09:05.061  9250  9250 I EmojiCompatManager: 	at android.inputmethodservice.InputMethodService$InputMethodImpl.startInput(InputMethodService.java:879)
11-14 05:09:05.061  9250  9250 I EmojiCompatManager: 	at android.inputmethodservice.InputMethodService$InputMethodImpl.dispatchStartInput(InputMethodService.java:908)
11-14 05:09:05.061  9250  9250 I EmojiCompatManager: 	at android.inputmethodservice.IInputMethodWrapper.executeMessage(IInputMethodWrapper.java:201)
11-14 05:09:05.061  9250  9250 I EmojiCompatManager: 	at com.android.internal.os.HandlerCaller$MyHandler.handleMessage(HandlerCaller.java:44)
11-14 05:09:05.061  9250  9250 I EmojiCompatManager: 	at android.os.Handler.dispatchMessage(Handler.java:110)
11-14 05:09:05.061  9250  9250 I EmojiCompatManager: 	at android.os.Looper.loopOnce(Looper.java:248)
11-14 05:09:05.061  9250  9250 I EmojiCompatManager: 	at android.os.Looper.loop(Looper.java:338)
11-14 05:09:05.061  9250  9250 I EmojiCompatManager: 	at android.app.ActivityThread.main(ActivityThread.java:9067)
11-14 05:09:05.061  9250  9250 I EmojiCompatManager: 	at java.lang.reflect.Method.invoke(Native Method)
11-14 05:09:05.061  9250  9250 I EmojiCompatManager: 	at com.android.internal.os.RuntimeInit$MethodAndArgsCaller.run(RuntimeInit.java:593)
11-14 05:09:05.061  9250  9250 I EmojiCompatManager: 	at com.android.internal.os.ZygoteInit.main(ZygoteInit.java:932)
11-14 05:09:05.063   726   760 I ImeTracker: system_server:39fdfda5: onCancelled at PHASE_SERVER_SHOULD_HIDE
11-14 05:09:05.079   726   891 W IPCThreadState: Sending oneway calls to frozen process.
11-14 05:09:05.082   726   891 W IPCThreadState: Sending oneway calls to frozen process.
11-14 05:09:05.097   726   891 W IPCThreadState: Sending oneway calls to frozen process.
11-14 05:09:05.098   726   891 W IPCThreadState: Sending oneway calls to frozen process.
11-14 05:09:05.105   726  2452 W PackageConfigPersister: App-specific configuration not found for packageName: com.google.android.apps.nexuslauncher and userId: 0
11-14 05:09:05.113  9250  9250 W NotificationCenter: NotificationCenter$NotificationQueue.notifyPendingNotificationsOnExecutor():877 Heavy notify work detected on UI thread: [kig->jjs] takes 51ms
11-14 05:09:05.186   726   891 W IPCThreadState: Sending oneway calls to frozen process.
11-14 05:09:05.192   726   891 W IPCThreadState: Sending oneway calls to frozen process.
11-14 05:09:05.193   726   891 W IPCThreadState: Sending oneway calls to frozen process.
11-14 05:09:05.193   726   891 W IPCThreadState: Sending oneway calls to frozen process.
11-14 05:09:05.237  1624  1624 D WorkspaceRevealAnim: onAnimationEnd: workspace alpha = 1.0
11-14 05:09:05.266  1328  1422 V WindowManagerShell: Transition animation finished (aborted=false), notifying core (#53) android.os.BinderProxy@dbedbb8@0
11-14 05:09:05.282  2134  2429 I AiAiEcho: Predicting[0]:  [CONTEXT sampling_count=5 ]
11-14 05:09:05.283   726   891 W IPCThreadState: Sending oneway calls to frozen process.
11-14 05:09:05.286   726   757 V WindowManager: Finish Transition (#53): created at 11-14 05:09:04.451 collect-started=0.285ms request-sent=0.572ms started=63.49ms ready=373.576ms sent=387.032ms commit=45.906ms finished=828.277ms
11-14 05:09:05.289  2134  2429 I AiAiEcho: EchoTargets: 
11-14 05:09:05.289  2134  2429 I AiAiEcho: Filtered by AiAi flag check: 
11-14 05:09:05.289  2134  2429 I AiAiEcho: [CONTEXT ratelimit_period="10 SECONDS" ]
11-14 05:09:05.295   726   891 W IPCThreadState: Sending oneway calls to frozen process.
11-14 05:09:05.296   726   891 W IPCThreadState: Sending oneway calls to frozen process.
11-14 05:09:05.297   726   891 W IPCThreadState: Sending oneway calls to frozen process.
11-14 05:09:05.298   726   891 W IPCThreadState: Sending oneway calls to frozen process.
11-14 05:09:05.299   726   891 W IPCThreadState: Sending oneway calls to frozen process.
11-14 05:09:05.299   726   891 W IPCThreadState: Sending oneway calls to frozen process.
11-14 05:09:05.310   726   893 E IPCThreadState: Binder transaction failure. id: 1012166, BR_*: 29189, error: -22 (Invalid argument)
11-14 05:09:05.311   726   893 W ActivityManager: pid 726 system sent binder code 7 with flags 1 to frozen apps and got error -32
11-14 05:09:05.323  1516  1818 D SatelliteController: iisInCarrierRoamingNbIotNtn: satellite is disabled
11-14 05:09:05.329  2134  2429 I AiAiEcho: #remoteViewsTwiddler: feature disabled.
11-14 05:09:05.330   726   893 W WindowManager: Exception thrown during dispatchAppVisibility Window{42fe9af u0 com.example.kursach_2/com.example.kursach_2.MainActivity EXITING}
11-14 05:09:05.330   726   893 W WindowManager: android.os.DeadObjectException
11-14 05:09:05.330   726   893 W WindowManager: 	at android.os.BinderProxy.transactNative(Native Method)
11-14 05:09:05.330   726   893 W WindowManager: 	at android.os.BinderProxy.transact(BinderProxy.java:592)
11-14 05:09:05.330   726   893 W WindowManager: 	at android.view.IWindow$Stub$Proxy.dispatchAppVisibility(IWindow.java:557)
11-14 05:09:05.330   726   893 W WindowManager: 	at com.android.server.wm.WindowState.sendAppVisibilityToClients(WindowState.java:3151)
11-14 05:09:05.330   726   893 W WindowManager: 	at com.android.server.wm.WindowContainer.sendAppVisibilityToClients(WindowContainer.java:1311)
11-14 05:09:05.330   726   893 W WindowManager: 	at com.android.server.wm.WindowToken.setClientVisible(WindowToken.java:389)
11-14 05:09:05.330   726   893 W WindowManager: 	at com.android.server.wm.ActivityRecord.setClientVisible(ActivityRecord.java:6650)
11-14 05:09:05.330   726   893 W WindowManager: 	at com.android.server.wm.ActivityRecord.commitVisibility(ActivityRecord.java:5561)
11-14 05:09:05.330   726   893 W WindowManager: 	at com.android.server.wm.Transition.finishTransition(Transition.java:1391)
11-14 05:09:05.330   726   893 W WindowManager: 	at com.android.server.wm.TransitionController.finishTransition(TransitionController.java:1029)
11-14 05:09:05.330   726   893 W WindowManager: 	at com.android.server.wm.WindowOrganizerController.finishTransition(WindowOrganizerController.java:496)
11-14 05:09:05.330   726   893 W WindowManager: 	at android.window.IWindowOrganizerController$Stub.onTransact(IWindowOrganizerController.java:261)
11-14 05:09:05.330   726   893 W WindowManager: 	at com.android.server.wm.WindowOrganizerController.onTransact(WindowOrganizerController.java:223)
11-14 05:09:05.330   726   893 W WindowManager: 	at android.os.Binder.execTransactInternal(Binder.java:1426)
11-14 05:09:05.330   726   893 W WindowManager: 	at android.os.Binder.execTransact(Binder.java:1365)
11-14 05:09:05.330   726   893 W Process : Unable to open /proc/11942/status
11-14 05:09:05.343  1328  1422 V WindowManagerShell: Track 0 became idle
11-14 05:09:05.343  1328  1422 V WindowManagerShell: All active transition animations finished
11-14 05:09:05.365  1624  1624 D RecentsView: onTaskRemoved: 19, not handling task stack changes
11-14 05:09:05.366  1624  1624 D RecentsView: onTaskRemoved: 19, not handling task stack changes
11-14 05:09:05.371   726   891 W IPCThreadState: Sending oneway calls to frozen process.
11-14 05:09:05.382   566   566 E BpTransactionCompletedListener: Failed to transact (-32)
11-14 05:09:05.383   566   566 E BpTransactionCompletedListener: Failed to transact (-32)
11-14 05:09:05.386  2134  2429 I AiAiEcho: #postPredictionTargets: Sending updates to UISurface home with targets# 0 (types=[])
11-14 05:09:05.391   726   891 W IPCThreadState: Sending oneway calls to frozen process.
11-14 05:09:05.400   726   891 W IPCThreadState: Sending oneway calls to frozen process.
11-14 05:09:05.409  1624  1624 D SsBaseTemplateCard: No text view can be set up
11-14 05:09:05.409  1624  1624 D SsBaseTemplateCard: Passed-in item info is null
11-14 05:09:05.409  1624  1624 D SsBaseTemplateCard: Passed-in item info is null
11-14 05:09:05.409  1624  1624 D SsBaseTemplateCard: Passed-in item info is null
11-14 05:09:05.411  1624  1624 I SsBaseTemplateCard: Secondary card pane is null
11-14 05:09:05.418   726   891 W IPCThreadState: Sending oneway calls to frozen process.
11-14 05:09:05.419   726   891 W IPCThreadState: Sending oneway calls to frozen process.
11-14 05:09:05.432   726   891 W IPCThreadState: Sending oneway calls to frozen process.
11-14 05:09:05.434   726   891 W IPCThreadState: Sending oneway calls to frozen process.
11-14 05:09:05.434   726   891 W IPCThreadState: Sending oneway calls to frozen process.
11-14 05:09:05.434   726   891 W IPCThreadState: Sending oneway calls to frozen process.
11-14 05:09:05.435   726   891 W IPCThreadState: Sending oneway calls to frozen process.
11-14 05:09:05.435   726   891 W IPCThreadState: Sending oneway calls to frozen process.
11-14 05:09:05.445   726   891 W IPCThreadState: Sending oneway calls to frozen process.
11-14 05:09:05.461   726   891 W IPCThreadState: Sending oneway calls to frozen process.
11-14 05:09:05.470   726   891 W IPCThreadState: Sending oneway calls to frozen process.
11-14 05:09:05.503   726   891 W IPCThreadState: Sending oneway calls to frozen process.
11-14 05:09:05.505   726   891 W IPCThreadState: Sending oneway calls to frozen process.
11-14 05:09:05.515   726   891 W IPCThreadState: Sending oneway calls to frozen process.
11-14 05:09:05.527   726   891 W IPCThreadState: Sending oneway calls to frozen process.
11-14 05:09:05.531   726   891 W IPCThreadState: Sending oneway calls to frozen process.
11-14 05:09:05.539   726   891 W IPCThreadState: Sending oneway calls to frozen process.
11-14 05:09:05.549   726   891 W IPCThreadState: Sending oneway calls to frozen process.
11-14 05:09:05.557   726   891 W IPCThreadState: Sending oneway calls to frozen process.
11-14 05:09:05.573   726   891 W IPCThreadState: Sending oneway calls to frozen process.
11-14 05:09:05.603   726   891 W IPCThreadState: Sending oneway calls to frozen process.
11-14 05:09:05.610   726   891 W IPCThreadState: Sending oneway calls to frozen process.
11-14 05:09:05.621   726   891 W IPCThreadState: Sending oneway calls to frozen process.
11-14 05:09:05.629   726   891 W IPCThreadState: Sending oneway calls to frozen process.
11-14 05:09:05.643   726   891 W IPCThreadState: Sending oneway calls to frozen process.
11-14 05:09:05.664   726   891 W IPCThreadState: Sending oneway calls to frozen process.
11-14 05:09:05.665   726   891 W IPCThreadState: Sending oneway calls to frozen process.
11-14 05:09:05.675   726   891 W IPCThreadState: Sending oneway calls to frozen process.
11-14 05:09:05.677   726   891 W IPCThreadState: Sending oneway calls to frozen process.
11-14 05:09:05.697   726   891 W IPCThreadState: Sending oneway calls to frozen process.
11-14 05:09:05.726   726   891 W IPCThreadState: Sending oneway calls to frozen process.
11-14 05:09:05.738   726   891 W IPCThreadState: Sending oneway calls to frozen process.
11-14 05:09:05.739   726   891 W IPCThreadState: Sending oneway calls to frozen process.
11-14 05:09:05.745   726   891 W IPCThreadState: Sending oneway calls to frozen process.
11-14 05:09:05.754   726   891 W IPCThreadState: Sending oneway calls to frozen process.
11-14 05:09:05.761   726   891 W IPCThreadState: Sending oneway calls to frozen process.
11-14 05:09:05.769   726   891 W IPCThreadState: Sending oneway calls to frozen process.
11-14 05:09:05.799   726   891 W IPCThreadState: Sending oneway calls to frozen process.
11-14 05:09:05.824   726   891 W IPCThreadState: Sending oneway calls to frozen process.
11-14 05:09:05.847   726   891 W IPCThreadState: Sending oneway calls to frozen process.
11-14 05:09:05.866   726   891 W IPCThreadState: Sending oneway calls to frozen process.
11-14 05:09:05.887   726   891 W IPCThreadState: Sending oneway calls to frozen process.
11-14 05:09:05.904   726   891 W IPCThreadState: Sending oneway calls to frozen process.
11-14 05:09:05.925   726   891 W IPCThreadState: Sending oneway calls to frozen process.
11-14 05:09:05.943   726   891 W IPCThreadState: Sending oneway calls to frozen process.
11-14 05:09:05.938   726   726 W binder:726_F: type=1400 audit(0.0:687): avc:  denied  { getopt } for  scontext=u:r:system_server:s0 tcontext=u:r:shell:s0 tclass=unix_stream_socket permissive=0
11-14 05:09:05.946   726   891 W IPCThreadState: Sending oneway calls to frozen process.
11-14 05:09:05.975   726  2086 E SystemServiceRegistry: No service published for: persistent_data_block
11-14 05:09:05.975   726  2086 E SystemServiceRegistry: android.os.ServiceManager$ServiceNotFoundException: No service published for: persistent_data_block
11-14 05:09:05.975   726  2086 E SystemServiceRegistry: 	at android.os.ServiceManager.getServiceOrThrow(ServiceManager.java:203)
11-14 05:09:05.975   726  2086 E SystemServiceRegistry: 	at android.app.SystemServiceRegistry$82.createService(SystemServiceRegistry.java:1110)
11-14 05:09:05.975   726  2086 E SystemServiceRegistry: 	at android.app.SystemServiceRegistry$82.createService(SystemServiceRegistry.java:1107)
11-14 05:09:05.975   726  2086 E SystemServiceRegistry: 	at android.app.SystemServiceRegistry$StaticServiceFetcher.getService(SystemServiceRegistry.java:2405)
11-14 05:09:05.975   726  2086 E SystemServiceRegistry: 	at android.app.SystemServiceRegistry.getSystemService(SystemServiceRegistry.java:1918)
11-14 05:09:05.975   726  2086 E SystemServiceRegistry: 	at android.app.ContextImpl.getSystemService(ContextImpl.java:2315)
11-14 05:09:05.975   726  2086 E SystemServiceRegistry: 	at android.content.Context.getSystemService(Context.java:4630)
11-14 05:09:05.975   726  2086 E SystemServiceRegistry: 	at com.android.server.pm.PackageInstallerSession.markAsSealed(PackageInstallerSession.java:2449)
11-14 05:09:05.975   726  2086 E SystemServiceRegistry: 	at com.android.server.pm.PackageInstallerSession.commit(PackageInstallerSession.java:2198)
11-14 05:09:05.975   726  2086 E SystemServiceRegistry: 	at android.content.pm.PackageInstaller$Session.commit(PackageInstaller.java:1988)
11-14 05:09:05.975   726  2086 E SystemServiceRegistry: 	at com.android.server.pm.PackageManagerShellCommand.doCommitSession(PackageManagerShellCommand.java:4316)
11-14 05:09:05.975   726  2086 E SystemServiceRegistry: 	at com.android.server.pm.PackageManagerShellCommand.doRunInstall(PackageManagerShellCommand.java:1641)
11-14 05:09:05.975   726  2086 E SystemServiceRegistry: 	at com.android.server.pm.PackageManagerShellCommand.runInstall(PackageManagerShellCommand.java:1562)
11-14 05:09:05.975   726  2086 E SystemServiceRegistry: 	at com.android.server.pm.PackageManagerShellCommand.onCommand(PackageManagerShellCommand.java:246)
11-14 05:09:05.975   726  2086 E SystemServiceRegistry: 	at com.android.modules.utils.BasicShellCommandHandler.exec(BasicShellCommandHandler.java:97)
11-14 05:09:05.975   726  2086 E SystemServiceRegistry: 	at android.os.ShellCommand.exec(ShellCommand.java:38)
11-14 05:09:05.975   726  2086 E SystemServiceRegistry: 	at com.android.server.pm.PackageManagerService$IPackageManagerImpl.onShellCommand(PackageManagerService.java:6684)
11-14 05:09:05.975   726  2086 E SystemServiceRegistry: 	at android.os.Binder.shellCommand(Binder.java:1151)
11-14 05:09:05.975   726  2086 E SystemServiceRegistry: 	at android.os.Binder.onTransact(Binder.java:953)
11-14 05:09:05.975   726  2086 E SystemServiceRegistry: 	at android.content.pm.IPackageManager$Stub.onTransact(IPackageManager.java:4729)
11-14 05:09:05.975   726  2086 E SystemServiceRegistry: 	at com.android.server.pm.PackageManagerService$IPackageManagerImpl.onTransact(PackageManagerService.java:6668)
11-14 05:09:05.975   726  2086 E SystemServiceRegistry: 	at android.os.Binder.execTransactInternal(Binder.java:1426)
11-14 05:09:05.975   726  2086 E SystemServiceRegistry: 	at android.os.Binder.execTransact(Binder.java:1365)
11-14 05:09:05.977   726  2086 E SystemServiceRegistry: Manager wrapper not available: persistent_data_block
11-14 05:09:05.979   726   891 W IPCThreadState: Sending oneway calls to frozen process.
11-14 05:09:06.067   726   742 I system_server: Background concurrent mark compact GC freed 22MB AllocSpace bytes, 53(1460KB) LOS objects, 43% free, 30MB/54MB, paused 3.868ms,19.639ms total 1.164s
11-14 05:09:06.071   726   743 I BpBinder: onLastStrongRef automatically unlinking death recipients: 
11-14 05:09:06.097   726   744 W System  : A resource failed to call close. 
11-14 05:09:06.125   726   744 W System  : A resource failed to call release. 
11-14 05:09:06.165   726   891 W IPCThreadState: Sending oneway calls to frozen process.
11-14 05:09:06.174   726   759 D FileSystemUtils: Total number of LOAD segments 4
11-14 05:09:06.175   726   759 D FileSystemUtils: Size before punching holes st_blocks: 128808, st_blksize: 4096, st_size: 65941690
11-14 05:09:06.175   726   759 D FileSystemUtils: Size after punching holes st_blocks: 128808, st_blksize: 4096, st_size: 65941690
11-14 05:09:06.176   726   759 D FileSystemUtils: Extra field length: 6225,  Size before punching holes st_blocks: 128808, st_blksize: 4096, st_size: 65941690
11-14 05:09:06.177   726   759 D FileSystemUtils: Extra field length: 6225 content near offset: 00000000000000000000000000000000000000000000000000000000000000000000000000000000000000000000000000000000000000000000000000000000000000000000000000000000000000000000000000000000000000000000000000000000000000000000000000000000000000000000000000000000000000000000000000000000000000000000000000000000000000000000000000000000000000000000000000000000000000000000000000000000000000000000000000000000000000000000000000000000000000000000000000000000000000000000000000000000000000000000000000000000000000000000000000000000000000000000000000000000000000000000000000000000000000000000000000000000000000000000000000000000000000000000000000000000000000000000000000000000000000000000000000000000000000000000000000000000000000000000000000000000000000000000000000000000000000000000000000000000000000000000000000000000000000000000000000000000000000000000000000000000000000000000000000000000000000000000000000000000000000000000000000000000000000000000000000000000000000000000000000000000000000000
11-14 05:09:06.177   726   759 D FileSystemUtils: Punching hole in file - start: 3665920 len:4096
11-14 05:09:06.178   726   759 D FileSystemUtils: punchHolesInApk:: Size after punching holes st_blocks: 128800, st_blksize: 4096, st_size: 65941690
11-14 05:09:06.181   726   891 W IPCThreadState: Sending oneway calls to frozen process.
11-14 05:09:06.186   726   891 D InstallDependencyHelper: No missing dependency for com.example.kursach_2
11-14 05:09:06.205   726   797 V Configuration: Updating configuration, locales updated from [] to [en_US]
11-14 05:09:06.206   726   797 I system_server: AssetManager2(0x7a4da7f91e98) locale list changing from [] to [en-US]
11-14 05:09:06.216 11334 11336 I AidlLazyServiceRegistrar: Process has 0 (of 1 available) client(s) in use after notification artd has clients: 0
11-14 05:09:06.216 11334 11336 I AidlLazyServiceRegistrar: Trying to shut down the service. No clients in use for any service in process.
11-14 05:09:06.222 11334 11336 I AidlLazyServiceRegistrar: Unregistered all clients and exiting
11-14 05:09:06.225   726   797 I PackageManager: Update package com.example.kursach_2 code path from /data/app/~~Q45qBTA-lyuGLwChCLKIVw==/com.example.kursach_2-s37cZwpH5mvy70-N82aG1g== to /data/app/vmdl1907693899.tmp; Retain data and using new
11-14 05:09:06.510 12148 12148 I artd    : Starting artd
11-14 05:09:06.518 12148 12148 I AidlLazyServiceRegistrar: Registering service artd
11-14 05:09:06.524 12148 12148 I AidlLazyServiceRegistrar: Process has 1 (of 1 available) client(s) in use after notification artd has clients: 1
11-14 05:09:06.551   726   797 I AppsFilter: interaction: PackageSetting{f8ff866 com.android.microdroid.empty_payload/10200} -> PackageSetting{d21df63 com.example.kursach_2/10216} BLOCKED
11-14 05:09:06.551   726   797 I AppsFilter: interaction: PackageSetting{d6b9a1f com.example.frontend_copia/10215} -> PackageSetting{d21df63 com.example.kursach_2/10216} BLOCKED
11-14 05:09:06.553   726   797 I AppsFilter: interaction: PackageSetting{f8ff866 com.android.microdroid.empty_payload/10200} -> PackageSetting{cb04973 com.example.kursach_2/10216} BLOCKED
11-14 05:09:06.553   726   797 I AppsFilter: interaction: PackageSetting{d6b9a1f com.example.frontend_copia/10215} -> PackageSetting{cb04973 com.example.kursach_2/10216} BLOCKED
11-14 05:09:06.639   726   771 I ActivityManager: Force stopping com.example.kursach_2 appid=10216 user=-1: installPackageLI
11-14 05:09:06.643   726   797 I PackageManager: installation completed for package:com.example.kursach_2. Final code path: /data/app/~~X5vwgtf4kKdkHt8C7DJpew==/com.example.kursach_2-rNJx9fBb5kv-lLinOznEKw==
11-14 05:09:06.646   726   797 I AppsFilter: interaction: PackageSetting{5ecf916 com.android.microdroid.empty_payload/10200} -> PackageSetting{1c2298e com.example.kursach_2/10216} BLOCKED
11-14 05:09:06.647   726   797 I AppsFilter: interaction: PackageSetting{bd17c84 com.example.frontend_copia/10215} -> PackageSetting{1c2298e com.example.kursach_2/10216} BLOCKED
11-14 05:09:06.679   726   797 I ActivityManager: Force stopping com.example.kursach_2 appid=10216 user=0: pkg removed
11-14 05:09:06.686   726   797 W IPCThreadState: Sending oneway calls to frozen process.
11-14 05:09:06.687   726   797 W IPCThreadState: Sending oneway calls to frozen process.
11-14 05:09:06.687   726   797 W IPCThreadState: Sending oneway calls to frozen process.
11-14 05:09:06.687   726   797 W IPCThreadState: Sending oneway calls to frozen process.
11-14 05:09:06.687   726   797 W IPCThreadState: Sending oneway calls to frozen process.
11-14 05:09:06.687   726   797 W IPCThreadState: Sending oneway calls to frozen process.
11-14 05:09:06.687   726   797 W IPCThreadState: Sending oneway calls to frozen process.
11-14 05:09:06.689   726   797 W IPCThreadState: Sending oneway calls to frozen process.
11-14 05:09:06.689   726   797 W IPCThreadState: Sending oneway calls to frozen process.
11-14 05:09:06.689   726   797 W IPCThreadState: Sending oneway calls to frozen process.
11-14 05:09:06.689   726   797 W IPCThreadState: Sending oneway calls to frozen process.
11-14 05:09:06.690   726   797 W IPCThreadState: Sending oneway calls to frozen process.
11-14 05:09:06.690   726   797 W IPCThreadState: Sending oneway calls to frozen process.
11-14 05:09:06.691   726   797 W IPCThreadState: Sending oneway calls to frozen process.
11-14 05:09:06.691   726   797 W IPCThreadState: Sending oneway calls to frozen process.
11-14 05:09:06.691   726   797 W IPCThreadState: Sending oneway calls to frozen process.
11-14 05:09:06.691   726   797 W IPCThreadState: Sending oneway calls to frozen process.
11-14 05:09:06.691   726   797 W IPCThreadState: Sending oneway calls to frozen process.
11-14 05:09:06.691   726   797 W IPCThreadState: Sending oneway calls to frozen process.
11-14 05:09:06.691   726   797 W IPCThreadState: Sending oneway calls to frozen process.
11-14 05:09:06.692   726   797 W IPCThreadState: Sending oneway calls to frozen process.
11-14 05:09:06.692   726   797 W IPCThreadState: Sending oneway calls to frozen process.
11-14 05:09:06.694   726   797 W IPCThreadState: Sending oneway calls to frozen process.
11-14 05:09:06.694   726   797 W IPCThreadState: Sending oneway calls to frozen process.
11-14 05:09:06.694   726   797 W IPCThreadState: Sending oneway calls to frozen process.
11-14 05:09:06.694   726   797 W IPCThreadState: Sending oneway calls to frozen process.
11-14 05:09:06.694   726   797 W IPCThreadState: Sending oneway calls to frozen process.
11-14 05:09:06.694   726   797 W IPCThreadState: Sending oneway calls to frozen process.
11-14 05:09:06.694   726   797 W IPCThreadState: Sending oneway calls to frozen process.
11-14 05:09:06.695   726   797 W IPCThreadState: Sending oneway calls to frozen process.
11-14 05:09:06.695   726   797 W IPCThreadState: Sending oneway calls to frozen process.
11-14 05:09:06.695   726   797 W IPCThreadState: Sending oneway calls to frozen process.
11-14 05:09:06.697   726   797 W IPCThreadState: Sending oneway calls to frozen process.
11-14 05:09:06.697   726   797 W IPCThreadState: Sending oneway calls to frozen process.
11-14 05:09:06.698   726   797 W IPCThreadState: Sending oneway calls to frozen process.
11-14 05:09:06.698   726   797 W IPCThreadState: Sending oneway calls to frozen process.
11-14 05:09:06.698   726   797 W IPCThreadState: Sending oneway calls to frozen process.
11-14 05:09:06.698   726   797 W IPCThreadState: Sending oneway calls to frozen process.
11-14 05:09:06.698   726   797 W IPCThreadState: Sending oneway calls to frozen process.
11-14 05:09:06.699   726   797 W IPCThreadState: Sending oneway calls to frozen process.
11-14 05:09:06.699   726   797 W IPCThreadState: Sending oneway calls to frozen process.
11-14 05:09:06.699   726   797 W IPCThreadState: Sending oneway calls to frozen process.
11-14 05:09:06.699   726   797 W IPCThreadState: Sending oneway calls to frozen process.
