11-14 05:09:08.622  1328  1422 V WindowManagerShell: onTransitionReady (#54) android.os.BinderProxy@2ca8b39: {id=54 t=OPEN f=0x0 trk=0 r=[0@Point(0, 0)] c=[
11-14 05:09:08.622  1328  1422 V WindowManagerShell:         {m=OPEN f=NONE leash=Surface(name=Task=20)/@0x995e792 sb=Rect(0, 0 - 1080, 2400) eb=Rect(0, 0 - 1080, 2400) epz=Point(1080, 2400) d=0 taskParent=-1},
11-14 05:09:08.622  1328  1422 V WindowManagerShell:         {m=TO_BACK f=SHOW_WALLPAPER leash=Surface(name=Task=1)/@0xe4e4563 sb=Rect(0, 0 - 1080, 2400) eb=Rect(0, 0 - 1080, 2400) epz=Point(1080, 2400) d=0 taskParent=-1},
11-14 05:09:08.622  1328  1422 V WindowManagerShell:         {m=TO_BACK f=IS_WALLPAPER leash=Surface(name=WallpaperWindowToken{9c7e001 showWhenLocked=false})/@0xe09e560 sb=Rect(0, 0 - 1080, 2400) eb=Rect(0, 0 - 1080, 2400) epz=Point(1080, 2400) d=0}
11-14 05:09:08.622  1328  1422 V WindowManagerShell:     ]}
11-14 05:09:08.623  1328  1422 V WindowManagerShell: Playing animation for (#54) android.os.BinderProxy@2ca8b39@0
11-14 05:09:08.623  1328  1422 V ShellRecents: RecentsTransitionHandler.startAnimation: no controller found
11-14 05:09:08.623  1328  1422 V WindowManagerShell: Transition doesn't have explicit remote, search filters for match for {id=54 t=OPEN f=0x0 trk=0 r=[0@Point(0, 0)] c=[{m=OPEN f=NONE leash=Surface(name=Task=20)/@0x995e792 sb=Rect(0, 0 - 1080, 2400) eb=Rect(0, 0 - 1080, 2400) epz=Point(1080, 2400) d=0 taskParent=-1},{m=TO_BACK f=SHOW_WALLPAPER leash=Surface(name=Task=1)/@0xe4e4563 sb=Rect(0, 0 - 1080, 2400) eb=Rect(0, 0 - 1080, 2400) epz=Point(1080, 2400) d=0 taskParent=-1},{m=TO_BACK f=IS_WALLPAPER leash=Surface(name=WallpaperWindowToken{9c7e001 showWhenLocked=false})/@0xe09e560 sb=Rect(0, 0 - 1080, 2400) eb=Rect(0, 0 - 1080, 2400) epz=Point(1080, 2400) d=0}]}
11-14 05:09:08.623  1328  1422 V WindowManagerShell:  Checking filter Pair{{types=[] flags=0x0] notFlags=0x0 checks=[{atype=undefined independent=true modes=[CLOSE,TO_BACK] flags=IN_TASK_WITH_EMBEDDED_ACTIVITY mustBeTask=false order=ANY topActivity=null launchCookie=null taskFragmentToken=android.os.BinderProxy@78ee845 windowingMode=undefined}]} RemoteTransition { remoteTransition = android.window.IRemoteTransition$Stub$Proxy@cfc1b9a, appThread = android.app.IApplicationThread$Stub$Proxy@adcdccb, debugName = overlayBackTransition }}
11-14 05:09:08.623  1328  1422 V WindowManagerShell:  Checking filter Pair{{types=[] flags=0x0] notFlags=0x0 checks=[{atype=dream independent=true modes=[OPEN,TO_FRONT] flags=NONE mustBeTask=false order=ANY topActivity=null launchCookie=null windowingMode=undefined},{atype=home independent=true modes=[CLOSE,TO_BACK] flags=NONE mustBeTask=false order=ANY topActivity=null launchCookie=null windowingMode=undefined}]} RemoteTransition { remoteTransition = android.window.IRemoteTransition$Stub$Proxy@b520ca8, appThread = android.app.IApplicationThread$Stub$Proxy@3bac3c1, debugName = LauncherToDream }}
11-14 05:09:08.623  1328  1422 V WindowManagerShell:  Checking filter Pair{{types=[] flags=0x0] notFlags=0x100 checks=[{atype=home independent=true modes=[OPEN,TO_FRONT] flags=NONE mustBeTask=false order=TOP topActivity=ComponentInfo{com.google.android.apps.nexuslauncher/com.google.android.apps.nexuslauncher.NexusLauncherActivity} launchCookie=null windowingMode=undefined},{atype=standard independent=true modes=[CLOSE,TO_BACK] flags=NONE mustBeTask=false order=ANY topActivity=null launchCookie=null windowingMode=undefined},{NOT atype=undefined independent=true modes=[] flags=NONE mustBeTask=true order=ANY topActivity=null launchCookie=null customAnim=true windowingMode=undefined}]} RemoteTransition { remoteTransition = android.window.IRemoteTransition$Stub$Proxy@6705766, appThread = android.app.IApplicationThread$Stub$Proxy@75a7aa7, debugName = QuickstepLaunchHome }}
11-14 05:09:08.623  1328  1422 V WindowManagerShell:  Delegate animation for (#54) to null
11-14 05:09:08.623  1328  1422 V WindowManagerShell: start default transition animation, info = {id=54 t=OPEN f=0x0 trk=0 r=[0@Point(0, 0)] c=[{m=OPEN f=NONE leash=Surface(name=Task=20)/@0x995e792 sb=Rect(0, 0 - 1080, 2400) eb=Rect(0, 0 - 1080, 2400) epz=Point(1080, 2400) d=0 taskParent=-1},{m=TO_BACK f=SHOW_WALLPAPER leash=Surface(name=Task=1)/@0xe4e4563 sb=Rect(0, 0 - 1080, 2400) eb=Rect(0, 0 - 1080, 2400) epz=Point(1080, 2400) d=0 taskParent=-1},{m=TO_BACK f=IS_WALLPAPER leash=Surface(name=WallpaperWindowToken{9c7e001 showWhenLocked=false})/@0xe09e560 sb=Rect(0, 0 - 1080, 2400) eb=Rect(0, 0 - 1080, 2400) epz=Point(1080, 2400) d=0}]}
11-14 05:09:08.643  1328  1422 V WindowManagerShell: loadAnimation: anim=android.view.animation.AnimationSet@855d4bf animAttr=0x13 type=OPEN isEntrance=false
11-14 05:09:08.643  1328  1422 V WindowManagerShell: loadAnimation: anim=android.view.animation.AnimationSet@e17f78c animAttr=0x12 type=OPEN isEntrance=true
11-14 05:09:08.672   491   491 D Zygote  : Forked child process 12186
11-14 05:09:08.672   726   726 W Looper  : Slow delivery took 340ms main app=system_server main=true group=FOREGROUND h=com.android.server.notification.NotificationManagerService$WorkerHandler c=com.android.server.notification.NotificationManagerService$CancelNotificationRunnable@ca9ac7a m=0
11-14 05:09:08.681   726   726 W IPCThreadState: Sending oneway calls to frozen process.
11-14 05:09:08.681   726   726 W IPCThreadState: Sending oneway calls to frozen process.
11-14 05:09:08.681   726   726 W IPCThreadState: Sending oneway calls to frozen process.
11-14 05:09:08.683  1328  1422 V WindowManagerShell:  animated by com.android.wm.shell.transition.DefaultTransitionHandler@236f306
11-14 05:09:08.683   726   726 W IPCThreadState: Sending oneway calls to frozen process.
11-14 05:09:08.684   726   772 W ActivityManager: Slow operation: 110ms so far, now at startProcess: returned from zygote!
11-14 05:09:08.688   726   726 W IPCThreadState: Sending oneway calls to frozen process.
11-14 05:09:08.688   726   726 W IPCThreadState: Sending oneway calls to frozen process.
11-14 05:09:08.691  9301  9361 I Finsky  : [96] AIM: AppInfoManager-Perf > OnDeviceAppInfo > cacheHitCount=0, cacheMissCount=1. Missed  in cache (limit 10) : [com.example.kursach_2]
11-14 05:09:08.692   726   726 W Looper  : Drained
11-14 05:09:08.692  9301  9361 I Finsky  : [96] AIM: Got app ownership map. App counts: . Unique apps: 0
11-14 05:09:08.692  9301  9361 E Finsky  : [96] [Counters] attempted to use a non-positive increment for: 4752
11-14 05:09:08.692  9301  9361 E Finsky  : [96] [Counters] attempted to use a non-positive increment for: 4753
11-14 05:09:08.700  5124  5124 W TimedProcessReaper: Memory state is: 125
11-14 05:09:08.702  5124  5124 D ActivityThread: Package [com.example.kursach_2] reported as REPLACED, but missing application info. Assuming REMOVED.
11-14 05:09:08.726  9301  9301 W Finsky  : [2] PSR: Package name com.example.kursach_2 is recognized as shared library, but is not found as installed shared library.
11-14 05:09:08.726  5124  5124 D ActivityThread: Package [com.example.kursach_2] reported as REPLACED, but missing application info. Assuming REMOVED.
11-14 05:09:08.766   726   772 W ActivityManager: Slow operation: 192ms so far, now at startProcess: done updating battery stats
11-14 05:09:08.766   726   772 W ActivityManager: Slow operation: 193ms so far, now at startProcess: building log message
11-14 05:09:08.766   726   772 I ActivityManager: Start proc 12186:com.example.kursach_2/u0a216 for next-top-activity {com.example.kursach_2/com.example.kursach_2.MainActivity}
11-14 05:09:08.767   726   772 W ActivityManager: Slow operation: 193ms so far, now at startProcess: starting to update pids map
11-14 05:09:08.767   726   772 I ActivityManager: ProcessObserver broadcast disabled
11-14 05:09:08.767   726   772 W ActivityManager: Slow operation: 193ms so far, now at startProcess: done updating pids map
11-14 05:09:08.794   726  1274 D BackgroundInstallControlService: Package event received: 0
11-14 05:09:08.823 12186 12186 I ample.kursach_2: Late-enabling -Xcheck:jni
11-14 05:09:08.887  8953  8953 D ActivityThread: Package [com.example.kursach_2] reported as REPLACED, but missing application info. Assuming REMOVED.
11-14 05:09:08.888  8953  8953 D ActivityThread: Package [com.example.kursach_2] reported as REPLACED, but missing application info. Assuming REMOVED.
11-14 05:09:08.897   726  2089 V SafetySourceDataValidat: Package: com.android.vending has expected signature
11-14 05:09:08.897   726  2089 V SafetySourceDataValidat: Package: com.android.vending has expected signature
11-14 05:09:08.923  9301  9301 I Finsky  : [2] aglq - Received: android.intent.action.PACKAGE_ADDED, [uGJLZ77CEvbJWHNOd-CL3KpKlb7JGyJCTtm65f08i4A]
11-14 05:09:08.943  9301  9301 W Finsky  : [2] PSR: Package name com.example.kursach_2 is recognized as shared library, but is not found as installed shared library.
11-14 05:09:08.955  9301 12169 I Finsky  : [266] SCH: Received scheduling request: Id: 12-1, Constraints: [{ L: 15000, D: 86400000, C: CHARGING_NONE, I: IDLE_NONE, N: NET_ANY, B: BATTERY_ANY }]
11-14 05:09:08.977  9301  9301 I Finsky  : [2] aglq - Deduping intent android.intent.action.PACKAGE_ADDED
11-14 05:09:09.017   726   768 I system_server: AssetManager2(0x7a4da80207d8) locale list changing from [] to [en-US]
11-14 05:09:09.027  9301  9301 I Finsky  : [2] aglq - Received: android.intent.action.PACKAGE_ADDED, [uGJLZ77CEvbJWHNOd-CL3KpKlb7JGyJCTtm65f08i4A]
11-14 05:09:09.039  9301  9361 I Finsky  : [96] AIM: AppInfoManager-Perf > ItemModel > CacheSize=0, cacheHitCount=0, cacheMissCount=1, total appsWithNoServerDataCount=0. Missed  in cache (limit 10) : [com.example.kursach_2]
11-14 05:09:09.040  9301  9361 I Finsky  : [96] AIM: AppInfoManager-Perf > ItemModel > ItemStore Called 1 apps cacheOptions = USE_CACHE
11-14 05:09:09.040  9301  9361 I Finsky  : [96] AIM: ItemModel fetch - unauth(1), auth()
11-14 05:09:09.041  1328  1422 V WindowManagerShell: Transition animation finished (aborted=false), notifying core (#54) android.os.BinderProxy@2ca8b39@0
11-14 05:09:09.051  9301  9361 I Finsky  : [96] ItemStore: Not cached: com.example.kursach_2
11-14 05:09:09.052  9301  9301 W Finsky  : [2] PSR: Package name com.example.kursach_2 is recognized as shared library, but is not found as installed shared library.
11-14 05:09:09.067  9301  9301 I Finsky  : [2] aglq - Deduping intent android.intent.action.PACKAGE_ADDED
11-14 05:09:09.070  9301  9301 D ActivityThread: Package [com.example.kursach_2] reported as REPLACED, but missing application info. Assuming REMOVED.
11-14 05:09:09.074  9301  9333 I Finsky  : [79] RECEIVER_PACKAGE_MONITOR#logWorkEndAndFinishGoAsync: SUCCESS
11-14 05:09:09.075  1624  1624 D VRI[NexusLauncherActivity]: visibilityChanged oldVisibility=true newVisibility=false
11-14 05:09:09.081  9301  9301 D ActivityThread: Package [com.example.kursach_2] reported as REPLACED, but missing application info. Assuming REMOVED.
11-14 05:09:09.087  1624  1624 D NexusLauncherModelDelegate: notifySmartspaceEvent: SmartspaceTargetEvent{mSmartspaceTarget=null, mSmartspaceActionId='null', mEventType=7}
11-14 05:09:09.100  8953  8953 D BoundBrokerSvc: onUnbind: Intent { act=com.google.android.gms.common.BIND_SHARED_PREFS xflg=0x4 pkg=com.google.android.gms }
11-14 05:09:09.105   726   758 W Looper  : Slow dispatch took 241ms android.ui app=system_server main=false group=TOP_APP h=com.android.server.am.ActivityManagerService$UiHandler c=com.android.server.am.UidObserverController$$ExternalSyntheticLambda0@46ba77b m=0
11-14 05:09:09.110   726   758 W Looper  : Slow delivery took 312ms android.ui app=system_server main=false group=TOP_APP h=com.android.server.am.ActivityManagerService$UiHandler c=com.android.server.am.UidObserverController$$ExternalSyntheticLambda0@46ba77b m=0
11-14 05:09:09.122   726   757 V WindowManager: Finish Transition (#54): created at 11-14 05:09:07.995 collect-started=0.104ms request-sent=75.5ms started=275.923ms ready=604.007ms sent=612.173ms commit=81.834ms finished=1053.616ms
11-14 05:09:09.132   726   758 W Looper  : Drained
11-14 05:09:09.149  1328  1422 V WindowManagerShell: Track 0 became idle
11-14 05:09:09.150  1328  1422 V WindowManagerShell: All active transition animations finished
11-14 05:09:09.178 12186 12186 I ample.kursach_2: Using CollectorTypeCMC GC.
11-14 05:09:09.187 12186 12186 W ample.kursach_2: Unexpected CPU variant for x86: x86_64.
11-14 05:09:09.187 12186 12186 W ample.kursach_2: Known variants: atom, sandybridge, silvermont, goldmont, goldmont-plus, goldmont-without-sha-xsaves, tremont, kabylake, alderlake, default
11-14 05:09:09.367  1627  1654 I adbd    : jdwp connection from 12186
11-14 05:09:09.390  1627  1627 W adbd    : type=1400 audit(0.0:691): avc:  denied  { getattr } for  path="/sys/fs/cgroup/apps/uid_10216/pid_12186/cgroup.freeze" dev="cgroup2" ino=11309 scontext=u:r:adbd:s0 tcontext=u:object_r:cgroup_v2:s0 tclass=file permissive=0
11-14 05:09:09.433   726  3910 E TaskPersister: File error accessing recents directory (directory doesn't exist?).
11-14 05:09:09.511 12186 12186 D nativeloader: Load libframework-connectivity-tiramisu-jni.so using APEX ns com_android_tethering for caller /apex/com.android.tethering/javalib/framework-connectivity-t.jar: ok
11-14 05:09:09.599   726   758 W Looper  : Slow dispatch took 185ms android.ui app=system_server main=false group=TOP_APP h=com.android.server.am.ActivityManagerService$UiHandler c=com.android.server.am.UidObserverController$$ExternalSyntheticLambda0@46ba77b m=0
11-14 05:09:09.610  1590  1590 I wpa_supplicant: wlan0: CTRL-EVENT-BEACON-LOSS 
11-14 05:09:09.734   726  1274 D BackgroundInstallControlService: Package event received: 0
11-14 05:09:09.812  9301  9301 I Finsky  : [2] Memory trim requested to level 40
11-14 05:09:09.813  9301  9301 I Finsky  : [2] Flushing in-memory image cache
11-14 05:09:09.857   726   768 I system_server: AssetManager2(0x7a4da8020e18) locale list changing from [] to [en-US]
11-14 05:09:09.865  9871 12187 I ProximityAuth: [RecentAppsMediator] Package added: (user=UserHandle{0}) com.example.kursach_2
11-14 05:09:09.882 12186 12186 D ApplicationLoaders: Returning zygote-cached class loader: /system_ext/framework/androidx.window.extensions.jar
11-14 05:09:09.883 12186 12186 D ApplicationLoaders: Returning zygote-cached class loader: /system_ext/framework/androidx.window.sidecar.jar
11-14 05:09:09.891  9871 12226 I Fitness : (REDACTED) FitCleanupIntentOperation received Intent %s
11-14 05:09:09.923  5124  5311 W achh    : Abort, client detached.
11-14 05:09:09.924  5124  5311 W achh    : Abort, client detached.
11-14 05:09:09.925  5124  5311 W achh    : Abort, client detached.
11-14 05:09:09.978  5124  5124 W TimedProcessReaper: Memory state is: 300
11-14 05:09:10.013  8953 12202 I gle.android.gms: AssetManager2(0x7a4da7f97938) locale list changing from [] to [en-US]
11-14 05:09:10.055  8953 12215 I Auth    : (REDACTED) [SupervisedAccountIntentOperation] onHandleIntent: %s
11-14 05:09:10.072  8953  8953 D BoundBrokerSvc: onBind: Intent { act=com.google.android.gms.common.BIND_SHARED_PREFS xflg=0x4 pkg=com.google.android.gms }
11-14 05:09:10.072  8953  8953 D BoundBrokerSvc: Loading bound service for intent: Intent { act=com.google.android.gms.common.BIND_SHARED_PREFS xflg=0x4 pkg=com.google.android.gms }
11-14 05:09:10.087   726  1462 I system_server: AssetManager2(0x7a4da7fd3258) locale list changing from [] to [en-US]
11-14 05:09:10.120  9301  9352 I Finsky  : [87] WM::SCH: Logging work initialize for 12-1
11-14 05:09:10.142  8953  9129 I gle.android.gms: AssetManager2(0x7a4da7f86f98) locale list changing from [] to [en-US]
11-14 05:09:10.149 12186 12186 D nativeloader: Configuring clns-9 for other apk /data/app/~~X5vwgtf4kKdkHt8C7DJpew==/com.example.kursach_2-rNJx9fBb5kv-lLinOznEKw==/base.apk. target_sdk_version=36, uses_libraries=, library_path=/data/app/~~X5vwgtf4kKdkHt8C7DJpew==/com.example.kursach_2-rNJx9fBb5kv-lLinOznEKw==/lib/x86_64:/data/app/~~X5vwgtf4kKdkHt8C7DJpew==/com.example.kursach_2-rNJx9fBb5kv-lLinOznEKw==/base.apk!/lib/x86_64, permitted_path=/data:/mnt/expand:/data/user/0/com.example.kursach_2
11-14 05:09:10.165  9301  9352 I Finsky  : [87] WM::SCH: Logging work initialize for 12-1
11-14 05:09:10.181 12186 12186 I ample.kursach_2: AssetManager2(0x7a4da7f697b8) locale list changing from [] to [en-US]
11-14 05:09:10.189  8953 12200 I NearbyDiscovery: (REDACTED) processGrantSlicePermission: %s
11-14 05:09:10.225 12186 12186 V GraphicsEnvironment: Currently set values for:
11-14 05:09:10.226 12186 12186 V GraphicsEnvironment:   angle_gl_driver_selection_pkgs=[]
11-14 05:09:10.226 12186 12186 V GraphicsEnvironment:   angle_gl_driver_selection_values=[]
11-14 05:09:10.226 12186 12186 V GraphicsEnvironment: com.example.kursach_2 is not listed in per-application setting
11-14 05:09:10.226 12186 12186 V GraphicsEnvironment: ANGLE allowlist from config: 
11-14 05:09:10.226 12186 12186 V GraphicsEnvironment: com.example.kursach_2 is not listed in ANGLE allowlist or settings, returning default
11-14 05:09:10.226 12186 12186 V GraphicsEnvironment: Neither updatable production driver nor prerelease driver is supported.
11-14 05:09:10.241   726  1462 W SignedPackage: Cannot get ApplicationInfo for package: com.google.android.devicelockcontroller
11-14 05:09:10.283  9301  9362 I Finsky  : [97] SCH: Scheduling phonesky job Id: 12-1, CT: 1763096948973, Constraints: [{ L: 15000, D: 86400000, C: CHARGING_NONE, I: IDLE_NONE, N: NET_ANY, B: BATTERY_ANY }]
11-14 05:09:10.341  9301  9358 I Finsky  : [93] SCH: Scheduling 1 system job(s)
11-14 05:09:10.344  8953 12215 W SQLiteLog: (28) double-quoted string literal: "com.example.kursach_2"
11-14 05:09:10.354  9301  9358 I Finsky  : [93] SCH: Scheduling system job Id: 9440, L: 13632, D: 39733102, C: false, I: false, N: 1
11-14 05:09:10.394   726  3041 W OptProp : Cannot read opt property android.window.PROPERTY_COMPAT_ENABLE_FAKE_FOCUS
11-14 05:09:10.429   726  1274 D BackgroundInstallControlService: Package event received: 0
11-14 05:09:10.429   726  1274 D BackgroundInstallControlService: Package event received: 0
11-14 05:09:10.434  9301  9353 E Finsky  : [88] ItemStore: getItems RPC failed for item com.example.kursach_2
11-14 05:09:10.451  9301  9361 E Finsky  : [96] ItemStore: getItems RPC failed for item com.example.kursach_2
11-14 05:09:10.483 12186 12244 I DisplayManager: Choreographer implicitly registered for the refresh rate.
11-14 05:09:10.499 12186 12186 I ample.kursach_2: AssetManager2(0x7a4da7f64fd8) locale list changing from [] to [en-US]
11-14 05:09:10.520  9301  9362 I Finsky  : [97] SCH: Scheduling phonesky job Id: 12-1, CT: 1763096947906, Constraints: [{ L: 15000, D: 86400000, C: CHARGING_NONE, I: IDLE_NONE, N: NET_ANY, B: BATTERY_ANY }]
11-14 05:09:10.521  9301  9350 I Finsky  : [84] [ContentSync] finished, scheduled=true
11-14 05:09:10.548  9301  9361 I Finsky  : [96] SCH: Scheduling 1 system job(s)
11-14 05:09:10.548  9301  9361 I Finsky  : [96] SCH: Scheduling system job Id: 9440, L: 12358, D: 39732895, C: false, I: false, N: 1
11-14 05:09:10.595 12186 12186 E ashmem  : Pinning is deprecated since Android Q. Please use trim or other methods.
11-14 05:09:10.609  8953  9136 I Icing   : IndexChimeraService.getServiceInterface callingPackage=com.google.android.gms componentName=AppsCorpus serviceId=36
11-14 05:09:10.650  8953  8953 D BoundBrokerSvc: onBind: Intent { act=com.google.android.gms.feedback.internal.IFeedbackService dat=chimera-action:/... xflg=0x4 cmp=com.google.android.gms/.chimera.GmsBoundBrokerService }
11-14 05:09:10.650  8953  8953 D BoundBrokerSvc: Loading bound service for intent: Intent { act=com.google.android.gms.feedback.internal.IFeedbackService dat=chimera-action:/... xflg=0x4 cmp=com.google.android.gms/.chimera.GmsBoundBrokerService }
11-14 05:09:10.678   726   768 I system_server: AssetManager2(0x7a4da801fe78) locale list changing from [] to [en-US]
11-14 05:09:10.735 12186 12246 D FlutterJNI: Beginning load of flutter...
11-14 05:09:10.740  9301  9346 I Finsky  : [82] [ContentSync] finished, scheduled=true
11-14 05:09:10.768 12186 12247 I ResourceExtractor: Found extracted resources res_timestamp-1-1763096872354
11-14 05:09:10.769 12186 12247 I ResourceExtractor: Resource version mismatch res_timestamp-1-1763096946551
11-14 05:09:10.778   726  1274 D BackgroundInstallControlService: Package event received: 0
11-14 05:09:10.793 12186 12246 D nativeloader: Load /data/app/~~X5vwgtf4kKdkHt8C7DJpew==/com.example.kursach_2-rNJx9fBb5kv-lLinOznEKw==/base.apk!/lib/x86_64/libflutter.so using class loader ns clns-9 (caller=/data/app/~~X5vwgtf4kKdkHt8C7DJpew==/com.example.kursach_2-rNJx9fBb5kv-lLinOznEKw==/base.apk): ok
11-14 05:09:10.823 12186 12244 I EGL_emulation: Opening libGLESv1_CM_emulation.so
11-14 05:09:10.831 12186 12246 D FlutterJNI: flutter (null) was loaded normally!
11-14 05:09:10.839 12186 12244 I EGL_emulation: Opening libGLESv2_emulation.so
11-14 05:09:10.875 12186 12244 W HWUI    : Failed to choose config with EGL_SWAP_BEHAVIOR_PRESERVED, retrying without...
11-14 05:09:10.875 12186 12244 W HWUI    : Failed to initialize 101010-2 format, error = EGL_SUCCESS
11-14 05:09:10.927  1328  1336 I ndroid.systemui: Background concurrent mark compact GC freed 2647KB AllocSpace bytes, 10(1544KB) LOS objects, 48% free, 25MB/49MB, paused 30.385ms,257.652ms total 4.213s
11-14 05:09:10.998   726   768 I system_server: AssetManager2(0x7a4da7f8ba98) locale list changing from [] to [en-US]
11-14 05:09:11.041  8953 10212 I Icing   : IndexChimeraService.getServiceInterface callingPackage=com.google.android.gms componentName=null serviceId=30
11-14 05:09:11.101  1328  1338 W System  : A resource failed to call release. 
11-14 05:09:11.101  1328  1338 W System  : A resource failed to call release. 
11-14 05:09:11.101  1328  1338 W System  : A resource failed to call release. 
11-14 05:09:11.101  1328  1338 W System  : A resource failed to call release. 
11-14 05:09:11.101  1328  1338 W System  : A resource failed to call release. 
11-14 05:09:11.101  1328  1338 W System  : A resource failed to call release. 
11-14 05:09:11.101  1328  1338 W System  : A resource failed to call release. 
11-14 05:09:11.177  8953 11612 I Icing   : Usage reports ok 1, Failed Usage reports 0, indexed 0, rejected 0
11-14 05:09:11.436  8953 11612 I Icing   : Usage reports ok 0, Failed Usage reports 0, indexed 0, rejected 0
11-14 05:09:11.666  8953 11612 I Icing   : Indexing com.google.android.gms-apps from com.google.android.gms
11-14 05:09:11.679  1981  1985 W FuseDaemon: Reducing the number of considered missed Gc histogram windows from 218 to 100
11-14 05:09:11.694  8953 11612 I Icing   : Indexing done com.google.android.gms-apps
11-14 05:09:11.698  8953 11612 I Icing   : Indexing com.google.android.gms-apps from com.google.android.gms
11-14 05:09:11.699  8953 11612 I Icing   : Indexing done com.google.android.gms-apps
11-14 05:09:12.417  9042  9491 I .apps.wellbeing: AssetManager2(0x7a4da7f8ec98) locale list changing from [] to [en-US]
11-14 05:09:12.429  9042  9491 I .apps.wellbeing: AssetManager2(0x7a4da7f859b8) locale list changing from [] to [en-US]
11-14 05:09:12.446  9042  9491 I .apps.wellbeing: AssetManager2(0x7a4da7f924d8) locale list changing from [] to [en-US]
11-14 05:09:12.456  9042  9491 I .apps.wellbeing: AssetManager2(0x7a4da7f7f5b8) locale list changing from [] to [en-US]
11-14 05:09:12.474  9042  9491 I .apps.wellbeing: AssetManager2(0x7a4da7f91b78) locale list changing from [] to [en-US]
11-14 05:09:12.490  9042  9491 I .apps.wellbeing: AssetManager2(0x7a4da7f75fb8) locale list changing from [] to [en-US]
11-14 05:09:12.493 12186 12247 I ResourceExtractor: Extracted baseline resource assets/flutter_assets/kernel_blob.bin
11-14 05:09:12.502 12186 12247 I ResourceExtractor: Extracted baseline resource assets/flutter_assets/vm_snapshot_data
11-14 05:09:12.503  9042  9491 I .apps.wellbeing: AssetManager2(0x7a4da7f7a158) locale list changing from [] to [en-US]
11-14 05:09:12.521  9042  9491 I .apps.wellbeing: AssetManager2(0x7a4da7f6ef38) locale list changing from [] to [en-US]
11-14 05:09:12.537  9042  9491 I .apps.wellbeing: AssetManager2(0x7a4da7f72778) locale list changing from [] to [en-US]
11-14 05:09:12.548  9042  9491 I .apps.wellbeing: AssetManager2(0x7a4da7f71af8) locale list changing from [] to [en-US]
11-14 05:09:12.593  9042  9491 I .apps.wellbeing: AssetManager2(0x7a4da7f7add8) locale list changing from [] to [en-US]
11-14 05:09:12.609  9042  9491 I .apps.wellbeing: AssetManager2(0x7a4da7f8dcf8) locale list changing from [] to [en-US]
11-14 05:09:12.627  9042  9491 I .apps.wellbeing: AssetManager2(0x7a4da7f8ff58) locale list changing from [] to [en-US]
11-14 05:09:12.647  9042  9491 I .apps.wellbeing: AssetManager2(0x7a4da7f83758) locale list changing from [] to [en-US]
11-14 05:09:12.803 12186 12247 I ResourceExtractor: Extracted baseline resource assets/flutter_assets/isolate_snapshot_data
11-14 05:09:12.819   726  2094 D FileUtils: Rounded bytes from 2067259392 to 4000000000
11-14 05:09:12.888  9042  9491 I .apps.wellbeing: AssetManager2(0x7a4da7f8ba98) locale list changing from [] to [en-US]
11-14 05:09:12.914  9042  9491 I .apps.wellbeing: AssetManager2(0x7a4da7f927f8) locale list changing from [] to [en-US]
11-14 05:09:12.951 12186 12186 I ample.kursach_2: AssetManager2(0x7a4da7f717d8) locale list changing from [] to [en-US]
11-14 05:09:12.977  9042  9491 I .apps.wellbeing: AssetManager2(0x7a4da7f6c058) locale list changing from [] to [en-US]
11-14 05:09:13.062  9042  9491 I .apps.wellbeing: AssetManager2(0x7a4da7f872b8) locale list changing from [] to [en-US]
11-14 05:09:13.080  9042  9491 I .apps.wellbeing: AssetManager2(0x7a4da7f93ab8) locale list changing from [] to [en-US]
11-14 05:09:13.098  9042  9491 I .apps.wellbeing: AssetManager2(0x7a4da7f88578) locale list changing from [] to [en-US]
11-14 05:09:13.110 12186 12186 W ample.kursach_2: type=1400 audit(0.0:692): avc:  denied  { read } for  name="max_map_count" dev="proc" ino=61871 scontext=u:r:untrusted_app:s0:c216,c256,c512,c768 tcontext=u:object_r:proc_max_map_count:s0 tclass=file permissive=0 app=com.example.kursach_2
11-14 05:09:13.165  9042  9491 I .apps.wellbeing: AssetManager2(0x7a4da7f8a7d8) locale list changing from [] to [en-US]
11-14 05:09:13.184  9042  9491 I .apps.wellbeing: AssetManager2(0x7a4da7f908b8) locale list changing from [] to [en-US]
11-14 05:09:13.201  9042  9491 I .apps.wellbeing: AssetManager2(0x7a4da7f95d18) locale list changing from [] to [en-US]
11-14 05:09:13.303 12186 12186 D DesktopModeFlags: Toggle override initialized to: OVERRIDE_UNSET
11-14 05:09:13.338 12186 12249 I flutter : [IMPORTANT:flutter/shell/platform/android/android_context_gl_impeller.cc(104)] Using the Impeller rendering backend (OpenGLES).
11-14 05:09:13.729 12186 12258 I flutter : The Dart VM service is listening on http://127.0.0.1:40987/ijNomXTUlZU=/
11-14 05:09:14.795 12186 12186 I ample.kursach_2: hiddenapi: Accessing hidden method Landroid/view/accessibility/AccessibilityNodeInfo;->getSourceNodeId()J (runtime_flags=0, domain=platform, api=unsupported,test-api) from Lio/flutter/view/AccessibilityViewEmbedder$ReflectionAccessors; (domain=app) using reflection: allowed
11-14 05:09:14.795 12186 12186 I ample.kursach_2: hiddenapi: Accessing hidden method Landroid/view/accessibility/AccessibilityRecord;->getSourceNodeId()J (runtime_flags=0, domain=platform, api=unsupported) from Lio/flutter/view/AccessibilityViewEmbedder$ReflectionAccessors; (domain=app) using reflection: allowed
11-14 05:09:14.797 12186 12186 I ample.kursach_2: hiddenapi: Accessing hidden field Landroid/view/accessibility/AccessibilityNodeInfo;->mChildNodeIds:Landroid/util/LongArray; (runtime_flags=0, domain=platform, api=unsupported) from Lio/flutter/view/AccessibilityViewEmbedder$ReflectionAccessors; (domain=app) using reflection: allowed
11-14 05:09:14.798 12186 12186 I ample.kursach_2: hiddenapi: Accessing hidden method Landroid/util/LongArray;->get(I)J (runtime_flags=0, domain=platform, api=unsupported) from Lio/flutter/view/AccessibilityViewEmbedder$ReflectionAccessors; (domain=app) using reflection: allowed
11-14 05:09:14.936 12186 12186 D CompatChangeReporter: Compat change id reported: 377864165; UID 10216; state: ENABLED
11-14 05:09:14.937  1627  1627 W adbd    : timeout expired while reading data after flushing socket, closing
11-14 05:09:15.009  9042  9491 I .apps.wellbeing: AssetManager2(0x7a4da7f99eb8) locale list changing from [] to [en-US]
11-14 05:09:15.027  9042  9491 I .apps.wellbeing: AssetManager2(0x7a4da7f72a98) locale list changing from [] to [en-US]
11-14 05:09:15.031  9042  9491 I .apps.wellbeing: AssetManager2(0x7a4da7f96358) locale list changing from [] to [en-US]
11-14 05:09:15.054 12186 12186 W HWUI    : Unknown dataspace 0
11-14 05:09:15.065  9042  9491 I .apps.wellbeing: AssetManager2(0x7a4da7f93478) locale list changing from [] to [en-US]
11-14 05:09:15.086  9042  9491 I .apps.wellbeing: AssetManager2(0x7a4da7f940f8) locale list changing from [] to [en-US]
11-14 05:09:15.098  9042  9491 I .apps.wellbeing: AssetManager2(0x7a4da7f9a818) locale list changing from [] to [en-US]
11-14 05:09:15.149  9042  9491 I .apps.wellbeing: AssetManager2(0x7a4da7f7b738) locale list changing from [] to [en-US]
11-14 05:09:15.191  9042  9491 I .apps.wellbeing: AssetManager2(0x7a4da7f76c38) locale list changing from [] to [en-US]
11-14 05:09:15.207  9042  9491 I .apps.wellbeing: AssetManager2(0x7a4da7f81818) locale list changing from [] to [en-US]
11-14 05:09:15.243  9042  9491 I .apps.wellbeing: AssetManager2(0x7a4da7f7c6d8) locale list changing from [] to [en-US]
11-14 05:09:15.315  1516  1818 D SatelliteController: iisInCarrierRoamingNbIotNtn: satellite is disabled
11-14 05:09:15.372  9042  9491 I .apps.wellbeing: AssetManager2(0x7a4da7f97618) locale list changing from [] to [en-US]
11-14 05:09:15.408  9042  9491 I .apps.wellbeing: AssetManager2(0x7a4da7f7ec58) locale list changing from [] to [en-US]
11-14 05:09:15.478  9042  9491 I .apps.wellbeing: AssetManager2(0x7a4da7f78858) locale list changing from [] to [en-US]
11-14 05:09:15.493  9042  9491 I .apps.wellbeing: AssetManager2(0x7a4da7f7c3b8) locale list changing from [] to [en-US]
11-14 05:09:15.622  1627 12081 I adbd    : host-17: connection terminated: write failed
11-14 05:09:15.630  1627  1627 I adbd    : BlockingConnectionAdapter(host-17): stopping
11-14 05:09:15.642  1627 12080 I adbd    : host-17: read failed: Success
11-14 05:09:15.643  1627  1627 I adbd    : BlockingConnectionAdapter(host-17): stopped
11-14 05:09:15.661  1627  1627 I adbd    : BlockingConnectionAdapter(host-17): destructing
11-14 05:09:15.661  1627  1627 I adbd    : BlockingConnectionAdapter(host-17): already stopped
11-14 05:09:15.673  9042  9491 I .apps.wellbeing: AssetManager2(0x7a4da7f6d318) locale list changing from [] to [en-US]
11-14 05:09:15.735  9042  9491 I .apps.wellbeing: AssetManager2(0x7a4da7f82498) locale list changing from [] to [en-US]
11-14 05:09:15.757  9042  9491 I .apps.wellbeing: AssetManager2(0x7a4da7f80878) locale list changing from [] to [en-US]
11-14 05:09:15.770  9042  9491 I .apps.wellbeing: AssetManager2(0x7a4da7f6f258) locale list changing from [] to [en-US]
11-14 05:09:15.807  9042  9491 I .apps.wellbeing: AssetManager2(0x7a4da7f77ef8) locale list changing from [] to [en-US]
11-14 05:09:15.823  9042  9491 I .apps.wellbeing: AssetManager2(0x7a4da7f75658) locale list changing from [] to [en-US]
11-14 05:09:15.842  9042  9491 I .apps.wellbeing: AssetManager2(0x7a4da7f77598) locale list changing from [] to [en-US]
11-14 05:09:15.854  9042  9491 I .apps.wellbeing: AssetManager2(0x7a4da7f797f8) locale list changing from [] to [en-US]
11-14 05:09:15.929  1627 12266 I adbd    : host-18: read thread spawning
11-14 05:09:15.930  1627 12267 I adbd    : host-18: write thread spawning
11-14 05:09:15.945  9042  9491 I .apps.wellbeing: AssetManager2(0x7a4da7f7a478) locale list changing from [] to [en-US]
11-14 05:09:15.959  1627  1627 I adbd    : adbd_auth: loading keys from /data/misc/adb/adb_keys
11-14 05:09:15.988  9042  9491 I .apps.wellbeing: AssetManager2(0x7a4da7f8c718) locale list changing from [] to [en-US]
11-14 05:09:16.012  9042  9491 I .apps.wellbeing: AssetManager2(0x7a4da7f749d8) locale list changing from [] to [en-US]
11-14 05:09:16.043  9042  9491 I .apps.wellbeing: AssetManager2(0x7a4da7f79b18) locale list changing from [] to [en-US]
11-14 05:09:16.049  9042  9491 I .apps.wellbeing: AssetManager2(0x7a4da7f74078) locale list changing from [] to [en-US]
11-14 05:09:16.094  1627  1627 W adbd    : type=1400 audit(0.0:693): avc:  denied  { getattr } for  path="/sys/fs/cgroup/apps/uid_10216/pid_12186/cgroup.freeze" dev="cgroup2" ino=11309 scontext=u:r:adbd:s0 tcontext=u:object_r:cgroup_v2:s0 tclass=file permissive=0
11-14 05:09:16.269  9042  9491 I .apps.wellbeing: AssetManager2(0x7a4da7f79e38) locale list changing from [] to [en-US]
11-14 05:09:16.290  9042  9491 I .apps.wellbeing: AssetManager2(0x7a4da7f791b8) locale list changing from [] to [en-US]
11-14 05:09:16.307  9042  9491 I .apps.wellbeing: AssetManager2(0x7a4da7f78218) locale list changing from [] to [en-US]
11-14 05:09:16.382  9042  9491 I .apps.wellbeing: AssetManager2(0x7a4da7f78b78) locale list changing from [] to [en-US]
11-14 05:09:16.461  9042  9491 I .apps.wellbeing: AssetManager2(0x7a4da7f6ccd8) locale list changing from [] to [en-US]
11-14 05:09:16.485  9042  9491 I .apps.wellbeing: AssetManager2(0x7a4da7f77bd8) locale list changing from [] to [en-US]
11-14 05:09:16.499  9042  9491 I .apps.wellbeing: AssetManager2(0x7a4da7f76f58) locale list changing from [] to [en-US]
11-14 05:09:16.558  9042  9491 I .apps.wellbeing: AssetManager2(0x7a4da7f78e98) locale list changing from [] to [en-US]
11-14 05:09:16.582  9042  9491 I .apps.wellbeing: AssetManager2(0x7a4da7f762d8) locale list changing from [] to [en-US]
11-14 05:09:16.607  9042  9491 I .apps.wellbeing: AssetManager2(0x7a4da7f75978) locale list changing from [] to [en-US]
11-14 05:09:16.843  9042  9491 I .apps.wellbeing: AssetManager2(0x7a4da7f746b8) locale list changing from [] to [en-US]
11-14 05:09:16.847  1627  1627 W adbd    : timeout expired while reading data after flushing socket, closing
11-14 05:09:16.872  9042  9491 I .apps.wellbeing: AssetManager2(0x7a4da7f80558) locale list changing from [] to [en-US]
11-14 05:09:16.887  9042  9491 I .apps.wellbeing: AssetManager2(0x7a4da7f814f8) locale list changing from [] to [en-US]
11-14 05:09:16.908  9042  9491 I .apps.wellbeing: AssetManager2(0x7a4da7f7e938) locale list changing from [] to [en-US]
11-14 05:09:16.943  9042  9491 I .apps.wellbeing: AssetManager2(0x7a4da7f80eb8) locale list changing from [] to [en-US]
11-14 05:09:16.961  9042  9491 I .apps.wellbeing: AssetManager2(0x7a4da7f7ba58) locale list changing from [] to [en-US]
11-14 05:09:16.989  9042  9491 I .apps.wellbeing: AssetManager2(0x7a4da7f7f8d8) locale list changing from [] to [en-US]
11-14 05:09:17.007  9042  9491 I .apps.wellbeing: AssetManager2(0x7a4da7f7f298) locale list changing from [] to [en-US]
11-14 05:09:17.021  9042  9491 I .apps.wellbeing: AssetManager2(0x7a4da7f7dcb8) locale list changing from [] to [en-US]
11-14 05:09:17.029  9042  9491 I .apps.wellbeing: AssetManager2(0x7a4da7f7d038) locale list changing from [] to [en-US]
11-14 05:09:17.035  9042  9491 I .apps.wellbeing: AssetManager2(0x7a4da7f83118) locale list changing from [] to [en-US]
11-14 05:09:17.048  9042  9491 I .apps.wellbeing: AssetManager2(0x7a4da7f6fbb8) locale list changing from [] to [en-US]
11-14 05:09:17.070  9042  9491 I .apps.wellbeing: AssetManager2(0x7a4da7f7b418) locale list changing from [] to [en-US]
11-14 05:09:17.080  9042  9491 I .apps.wellbeing: AssetManager2(0x7a4da7f811d8) locale list changing from [] to [en-US]
11-14 05:09:17.098  9042  9491 I .apps.wellbeing: AssetManager2(0x7a4da7f80238) locale list changing from [] to [en-US]
11-14 05:09:17.108  9042  9491 I .apps.wellbeing: AssetManager2(0x7a4da7f70518) locale list changing from [] to [en-US]
11-14 05:09:17.125  9042  9491 I .apps.wellbeing: AssetManager2(0x7a4da7f6f898) locale list changing from [] to [en-US]
11-14 05:09:17.149  9042  9491 I .apps.wellbeing: AssetManager2(0x7a4da7f85ff8) locale list changing from [] to [en-US]
11-14 05:09:17.164  9042  9491 I .apps.wellbeing: AssetManager2(0x7a4da7f7ff18) locale list changing from [] to [en-US]
11-14 05:09:17.173  9042  9491 I .apps.wellbeing: AssetManager2(0x7a4da7f7d678) locale list changing from [] to [en-US]
11-14 05:09:17.178  9042  9491 I .apps.wellbeing: AssetManager2(0x7a4da7f6f578) locale list changing from [] to [en-US]
11-14 05:09:17.196  9042  9491 I .apps.wellbeing: AssetManager2(0x7a4da7f6bd38) locale list changing from [] to [en-US]
11-14 05:09:17.213  9042  9491 I .apps.wellbeing: AssetManager2(0x7a4da7f70b58) locale list changing from [] to [en-US]
11-14 05:09:17.229  9042  9491 I .apps.wellbeing: AssetManager2(0x7a4da7f6c698) locale list changing from [] to [en-US]
11-14 05:09:17.411  9042  9491 I .apps.wellbeing: AssetManager2(0x7a4da7f73718) locale list changing from [] to [en-US]
11-14 05:09:17.424  9042  9491 I .apps.wellbeing: AssetManager2(0x7a4da7f88898) locale list changing from [] to [en-US]
11-14 05:09:17.443  9042  9491 I .apps.wellbeing: AssetManager2(0x7a4da7f72db8) locale list changing from [] to [en-US]
11-14 05:09:17.457  9042  9491 I .apps.wellbeing: AssetManager2(0x7a4da7f8fc38) locale list changing from [] to [en-US]
11-14 05:09:17.491  9042  9491 I .apps.wellbeing: AssetManager2(0x7a4da7f843d8) locale list changing from [] to [en-US]
11-14 05:09:17.514  9042  9491 I .apps.wellbeing: AssetManager2(0x7a4da7f891f8) locale list changing from [] to [en-US]
11-14 05:09:17.522  9042  9491 I .apps.wellbeing: AssetManager2(0x7a4da7f67878) locale list changing from [] to [en-US]
11-14 05:09:17.545  1590  1590 I wpa_supplicant: wlan0: CTRL-EVENT-BEACON-LOSS 
11-14 05:09:17.563  9042  9491 I .apps.wellbeing: AssetManager2(0x7a4da7f878f8) locale list changing from [] to [en-US]
11-14 05:09:17.579  9042  9491 I .apps.wellbeing: AssetManager2(0x7a4da7f84a18) locale list changing from [] to [en-US]
11-14 05:09:17.594  9042  9491 I .apps.wellbeing: AssetManager2(0x7a4da7f89518) locale list changing from [] to [en-US]
11-14 05:09:17.606  9042  9491 I .apps.wellbeing: AssetManager2(0x7a4da7f73d58) locale list changing from [] to [en-US]
11-14 05:09:17.654  9042  9491 I .apps.wellbeing: AssetManager2(0x7a4da7f89e78) locale list changing from [] to [en-US]
11-14 05:09:17.668  9042  9491 I .apps.wellbeing: AssetManager2(0x7a4da7f83438) locale list changing from [] to [en-US]
11-14 05:09:17.714  9042  9491 I .apps.wellbeing: AssetManager2(0x7a4da7f8d9d8) locale list changing from [] to [en-US]
11-14 05:09:17.730  9042  9491 I .apps.wellbeing: AssetManager2(0x7a4da7f8e018) locale list changing from [] to [en-US]
11-14 05:09:17.882  9042  9491 I .apps.wellbeing: AssetManager2(0x7a4da7f85cd8) locale list changing from [] to [en-US]
11-14 05:09:17.920  9042  9491 I .apps.wellbeing: AssetManager2(0x7a4da7f83a78) locale list changing from [] to [en-US]
11-14 05:09:17.932  9042  9491 I .apps.wellbeing: AssetManager2(0x7a4da7f89b58) locale list changing from [] to [en-US]
11-14 05:09:17.949  9042  9491 I .apps.wellbeing: AssetManager2(0x7a4da7f92b18) locale list changing from [] to [en-US]
11-14 05:09:17.974  9042  9491 I .apps.wellbeing: AssetManager2(0x7a4da7f80b98) locale list changing from [] to [en-US]
11-14 05:09:17.994  9042  9491 I .apps.wellbeing: AssetManager2(0x7a4da7f6ec18) locale list changing from [] to [en-US]
11-14 05:09:18.005  9042  9491 I .apps.wellbeing: AssetManager2(0x7a4da7f85378) locale list changing from [] to [en-US]
11-14 05:09:18.030  9042  9491 I .apps.wellbeing: AssetManager2(0x7a4da7f6e5d8) locale list changing from [] to [en-US]
11-14 05:09:18.040  9042  9491 I .apps.wellbeing: AssetManager2(0x7a4da7f84d38) locale list changing from [] to [en-US]
11-14 05:09:18.045  9042  9491 I .apps.wellbeing: AssetManager2(0x7a4da7f86958) locale list changing from [] to [en-US]
11-14 05:09:18.049  9042  9491 I .apps.wellbeing: AssetManager2(0x7a4da7f85698) locale list changing from [] to [en-US]
11-14 05:09:18.062  9042  9491 I .apps.wellbeing: AssetManager2(0x7a4da7f86c78) locale list changing from [] to [en-US]
11-14 05:09:18.067  9042  9491 I .apps.wellbeing: AssetManager2(0x7a4da7f91218) locale list changing from [] to [en-US]
11-14 05:09:18.071  9042  9491 I .apps.wellbeing: AssetManager2(0x7a4da7f85058) locale list changing from [] to [en-US]
11-14 05:09:18.073   726   760 W ActivityTaskManager: Launch timeout has expired, giving up wake lock!
11-14 05:09:18.152  9042  9491 I .apps.wellbeing: AssetManager2(0x7a4da7f70e78) locale list changing from [] to [en-US]
11-14 05:09:18.212  9042  9491 I .apps.wellbeing: AssetManager2(0x7a4da7f875d8) locale list changing from [] to [en-US]
11-14 05:09:18.220  9042  9491 I .apps.wellbeing: AssetManager2(0x7a4da7f72138) locale list changing from [] to [en-US]
11-14 05:09:18.246  9042  9491 I .apps.wellbeing: AssetManager2(0x7a4da7f89838) locale list changing from [] to [en-US]
11-14 05:09:18.407  9042  9491 I .apps.wellbeing: AssetManager2(0x7a4da7f99238) locale list changing from [] to [en-US]
11-14 05:09:18.436  9042  9491 I .apps.wellbeing: AssetManager2(0x7a4da7f92e38) locale list changing from [] to [en-US]
11-14 05:09:18.469  9042  9491 I .apps.wellbeing: AssetManager2(0x7a4da7f96038) locale list changing from [] to [en-US]
11-14 05:09:18.491  9042  9491 I .apps.wellbeing: AssetManager2(0x7a4da7f9a1d8) locale list changing from [] to [en-US]
11-14 05:09:18.502  9042  9491 I .apps.wellbeing: AssetManager2(0x7a4da7f93dd8) locale list changing from [] to [en-US]
11-14 05:09:18.550  9042  9491 I .apps.wellbeing: AssetManager2(0x7a4da7f94738) locale list changing from [] to [en-US]
11-14 05:09:18.556   726   918 D ActivityManager: freezing 7974 com.android.vending:background
11-14 05:09:19.378 12186 12186 I Choreographer: Skipped 255 frames!  The application may be doing too much work on its main thread.
11-14 05:09:19.407   726  1369 D CoreBackPreview: Window{8ee6cb9 u0 com.example.kursach_2/com.example.kursach_2.MainActivity}: Setting back callback OnBackInvokedCallbackInfo{mCallback=android.window.IOnBackInvokedCallback$Stub$Proxy@2f5bb7b, mPriority=-1, mIsAnimationCallback=false, mOverrideBehavior=0}
11-14 05:09:19.438 12186 12209 I ample.kursach_2: Compiler allocated 5042KB to compile void android.view.ViewRootImpl.performTraversals()
11-14 05:09:19.508 12186 12186 I WindowExtensionsImpl: Initializing Window Extensions, vendor API level=9, activity embedding enabled=true
11-14 05:09:19.846   726   918 D ActivityManager: freezing 9301 com.android.vending
11-14 05:09:19.912   726  1223 D InetDiagMessage: Destroyed 0 sockets, proto=IPPROTO_TCP, family=AF_INET, states=14
11-14 05:09:19.959   726  1223 D InetDiagMessage: Destroyed 3 sockets, proto=IPPROTO_TCP, family=AF_INET6, states=14
11-14 05:09:19.959   726  1223 D InetDiagMessage: Destroyed live tcp sockets for uids={10146} in 48ms
11-14 05:09:20.385   726   918 D ActivityManager: freezing 5124 com.google.android.googlequicksearchbox:search
11-14 05:09:20.463   726   760 W IPCThreadState: Sending oneway calls to frozen process.
11-14 05:09:20.466   726   760 W IPCThreadState: Sending oneway calls to frozen process.
11-14 05:09:20.467   726   760 W IPCThreadState: Sending oneway calls to frozen process.
11-14 05:09:20.469   726   760 W IPCThreadState: Sending oneway calls to frozen process.
11-14 05:09:20.470   726   760 W IPCThreadState: Sending oneway calls to frozen process.
11-14 05:09:20.470   726   760 W IPCThreadState: Sending oneway calls to frozen process.
11-14 05:09:20.471   726   760 W IPCThreadState: Sending oneway calls to frozen process.
11-14 05:09:20.471   726   760 W IPCThreadState: Sending oneway calls to frozen process.
11-14 05:09:20.472   726   760 W IPCThreadState: Sending oneway calls to frozen process.
11-14 05:09:20.474   726   760 W IPCThreadState: Sending oneway calls to frozen process.
11-14 05:09:20.474   726   760 W IPCThreadState: Sending oneway calls to frozen process.
11-14 05:09:20.475   726   760 W IPCThreadState: Sending oneway calls to frozen process.
11-14 05:09:20.475   726   760 W IPCThreadState: Sending oneway calls to frozen process.
11-14 05:09:20.476   726   760 W IPCThreadState: Sending oneway calls to frozen process.
11-14 05:09:20.476   726   760 W IPCThreadState: Sending oneway calls to frozen process.
11-14 05:09:20.477   726   760 W IPCThreadState: Sending oneway calls to frozen process.
11-14 05:09:20.478   726   760 W IPCThreadState: Sending oneway calls to frozen process.
11-14 05:09:20.478   726   760 W IPCThreadState: Sending oneway calls to frozen process.
11-14 05:09:20.479   726   760 W IPCThreadState: Sending oneway calls to frozen process.
11-14 05:09:20.479   726   760 W IPCThreadState: Sending oneway calls to frozen process.
11-14 05:09:20.479   726   760 W IPCThreadState: Sending oneway calls to frozen process.
11-14 05:09:20.480   726   760 W IPCThreadState: Sending oneway calls to frozen process.
11-14 05:09:20.502   726   760 W IPCThreadState: Sending oneway calls to frozen process.
11-14 05:09:20.503   726   760 W IPCThreadState: Sending oneway calls to frozen process.
11-14 05:09:20.503   726   760 W IPCThreadState: Sending oneway calls to frozen process.
11-14 05:09:20.506   726   760 W IPCThreadState: Sending oneway calls to frozen process.
11-14 05:09:20.506   726   760 W IPCThreadState: Sending oneway calls to frozen process.
11-14 05:09:20.507   726   760 W IPCThreadState: Sending oneway calls to frozen process.
11-14 05:09:20.507   726   760 W IPCThreadState: Sending oneway calls to frozen process.
11-14 05:09:20.507   726   760 W IPCThreadState: Sending oneway calls to frozen process.
11-14 05:09:20.508   726   760 W IPCThreadState: Sending oneway calls to frozen process.
11-14 05:09:20.508   726   760 W IPCThreadState: Sending oneway calls to frozen process.
11-14 05:09:20.508   726   760 W IPCThreadState: Sending oneway calls to frozen process.
11-14 05:09:20.512   726   760 W IPCThreadState: Sending oneway calls to frozen process.
11-14 05:09:20.512   726   760 W IPCThreadState: Sending oneway calls to frozen process.
11-14 05:09:20.513   726   760 W IPCThreadState: Sending oneway calls to frozen process.
11-14 05:09:20.513   726   760 W IPCThreadState: Sending oneway calls to frozen process.
11-14 05:09:20.513   726   760 W IPCThreadState: Sending oneway calls to frozen process.
11-14 05:09:20.513   726   760 W IPCThreadState: Sending oneway calls to frozen process.
11-14 05:09:20.514   726   760 W IPCThreadState: Sending oneway calls to frozen process.
11-14 05:09:20.514   726   760 W IPCThreadState: Sending oneway calls to frozen process.
11-14 05:09:20.515   726   760 W IPCThreadState: Sending oneway calls to frozen process.
11-14 05:09:20.515   726   760 W IPCThreadState: Sending oneway calls to frozen process.
11-14 05:09:20.517   726   760 W IPCThreadState: Sending oneway calls to frozen process.
11-14 05:09:20.538  1624  1624 D BaseDepthController: setSurface:
11-14 05:09:20.538  1624  1624 D BaseDepthController: 	mWaitingOnSurfaceValidity: false
11-14 05:09:20.538  1624  1624 D BaseDepthController: 	mBaseSurface: null
11-14 05:09:20.539  1624  1624 D BaseDepthController: mSurface is null and mCurrentBlur is: 0
11-14 05:09:20.556  1624  1624 D StateManager: goToState - fromState: Normal, toState: Normal, partial trace:
11-14 05:09:20.556  1624  1624 D StateManager: 	at com.android.launcher3.statemanager.StateManager.moveToRestState(go/retraceme ee19ec8c009da7af1d458e7d1683a6f5bf3b93b44f6674aa108e1a3e78584fe0:4)
11-14 05:09:20.556  1624  1624 D StateManager: 	at com.android.launcher3.statemanager.StateManager.moveToRestState(go/retraceme ee19ec8c009da7af1d458e7d1683a6f5bf3b93b44f6674aa108e1a3e78584fe0:1)
11-14 05:09:20.556  1624  1624 D StateManager: 	at com.android.launcher3.statemanager.StatefulActivity.onStop(go/retraceme ee19ec8c009da7af1d458e7d1683a6f5bf3b93b44f6674aa108e1a3e78584fe0:34)
11-14 05:09:20.568  1624  1624 D StatsLog: LAUNCHER_ONSTOP
11-14 05:09:20.606  1624  1624 D StatsLog: LAUNCHER_GOOGLE_SEARCH_RESTORE_LIST_SIZE_AFTER_ACTIVITY_RESTART
11-14 05:09:20.701   726  1274 D BackgroundInstallControlService: Package event received: 0
11-14 05:09:20.743  1624  1632 W System  : A resource failed to call release. 
11-14 05:09:20.743  1624  1632 W System  : A resource failed to call release. 
11-14 05:09:20.743  1624  1632 W System  : A resource failed to call release. 
11-14 05:09:20.752  1624  1632 W System  : A resource failed to call release. 
11-14 05:09:20.753  1624  1632 W System  : A resource failed to call release. 
11-14 05:09:20.753  1624  1632 W System  : A resource failed to call release. 
11-14 05:09:21.605 12186 12308 D ProfileInstaller: Installing profile for com.example.kursach_2
11-14 05:09:21.806 12186 12186 I Choreographer: Skipped 122 frames!  The application may be doing too much work on its main thread.
11-14 05:09:21.997 12186 12186 D WindowLayoutComponentImpl: Register WindowLayoutInfoListener on Context=com.example.kursach_2.MainActivity@d7c4e46, of which baseContext=android.app.ContextImpl@97f61cd
